Component: ARM Compiler 5.06 update 7 (build 960) Tool: armlink [4d3601]

==============================================================================

Section Cross References

    startup_stm32f407xx.o(STACK) refers (Special) to heapauxi.o(.text) for __use_two_region_memory
    startup_stm32f407xx.o(HEAP) refers (Special) to heapauxi.o(.text) for __use_two_region_memory
    startup_stm32f407xx.o(RESET) refers (Special) to heapauxi.o(.text) for __use_two_region_memory
    startup_stm32f407xx.o(RESET) refers to startup_stm32f407xx.o(STACK) for __initial_sp
    startup_stm32f407xx.o(RESET) refers to startup_stm32f407xx.o(.text) for Reset_Handler
    startup_stm32f407xx.o(RESET) refers to stm32f4xx_it.o(i.NMI_Handler) for NMI_Handler
    startup_stm32f407xx.o(RESET) refers to stm32f4xx_it.o(i.HardFault_Handler) for HardFault_Handler
    startup_stm32f407xx.o(RESET) refers to stm32f4xx_it.o(i.MemManage_Handler) for MemManage_Handler
    startup_stm32f407xx.o(RESET) refers to stm32f4xx_it.o(i.BusFault_Handler) for BusFault_Handler
    startup_stm32f407xx.o(RESET) refers to stm32f4xx_it.o(i.UsageFault_Handler) for UsageFault_Handler
    startup_stm32f407xx.o(RESET) refers to port.o(.emb_text) for SVC_Handler
    startup_stm32f407xx.o(RESET) refers to stm32f4xx_it.o(i.DebugMon_Handler) for DebugMon_Handler
    startup_stm32f407xx.o(RESET) refers to port.o(i.SysTick_Handler) for SysTick_Handler
    startup_stm32f407xx.o(RESET) refers to stm32f4xx_it.o(i.CAN1_RX0_IRQHandler) for CAN1_RX0_IRQHandler
    startup_stm32f407xx.o(RESET) refers to stm32f4xx_it.o(i.TIM1_UP_TIM10_IRQHandler) for TIM1_UP_TIM10_IRQHandler
    startup_stm32f407xx.o(RESET) refers to stm32f4xx_it.o(i.TIM2_IRQHandler) for TIM2_IRQHandler
    startup_stm32f407xx.o(RESET) refers to stm32f4xx_it.o(i.USART1_IRQHandler) for USART1_IRQHandler
    startup_stm32f407xx.o(RESET) refers to stm32f4xx_it.o(i.DMA2_Stream2_IRQHandler) for DMA2_Stream2_IRQHandler
    startup_stm32f407xx.o(RESET) refers to stm32f4xx_it.o(i.CAN2_RX0_IRQHandler) for CAN2_RX0_IRQHandler
    startup_stm32f407xx.o(RESET) refers to stm32f4xx_it.o(i.DMA2_Stream7_IRQHandler) for DMA2_Stream7_IRQHandler
    startup_stm32f407xx.o(.text) refers (Special) to heapauxi.o(.text) for __use_two_region_memory
    startup_stm32f407xx.o(.text) refers to system_stm32f4xx.o(i.SystemInit) for SystemInit
    startup_stm32f407xx.o(.text) refers to __main.o(!!!main) for __main
    startup_stm32f407xx.o(.text) refers to startup_stm32f407xx.o(HEAP) for Heap_Mem
    startup_stm32f407xx.o(.text) refers to startup_stm32f407xx.o(STACK) for Stack_Mem
    main.o(i.HAL_TIM_PeriodElapsedCallback) refers to stm32f4xx_hal.o(i.HAL_IncTick) for HAL_IncTick
    main.o(i.SystemClock_Config) refers to rt_memclr_w.o(.text) for __aeabi_memclr4
    main.o(i.SystemClock_Config) refers to stm32f4xx_hal_rcc.o(i.HAL_RCC_OscConfig) for HAL_RCC_OscConfig
    main.o(i.SystemClock_Config) refers to main.o(i.Error_Handler) for Error_Handler
    main.o(i.SystemClock_Config) refers to stm32f4xx_hal_rcc.o(i.HAL_RCC_ClockConfig) for HAL_RCC_ClockConfig
    main.o(i.main) refers to stm32f4xx_hal.o(i.HAL_Init) for HAL_Init
    main.o(i.main) refers to main.o(i.SystemClock_Config) for SystemClock_Config
    main.o(i.main) refers to gpio.o(i.MX_GPIO_Init) for MX_GPIO_Init
    main.o(i.main) refers to dma.o(i.MX_DMA_Init) for MX_DMA_Init
    main.o(i.main) refers to can.o(i.MX_CAN1_Init) for MX_CAN1_Init
    main.o(i.main) refers to can.o(i.MX_CAN2_Init) for MX_CAN2_Init
    main.o(i.main) refers to usart.o(i.MX_USART1_UART_Init) for MX_USART1_UART_Init
    main.o(i.main) refers to tim.o(i.MX_TIM2_Init) for MX_TIM2_Init
    main.o(i.main) refers to robot_init.o(i.robot_init) for robot_init
    main.o(i.main) refers to freertos.o(i.MX_FREERTOS_Init) for MX_FREERTOS_Init
    main.o(i.main) refers to cmsis_os.o(i.osKernelStart) for osKernelStart
    gpio.o(i.MX_GPIO_Init) refers to rt_memclr_w.o(.text) for __aeabi_memclr4
    gpio.o(i.MX_GPIO_Init) refers to stm32f4xx_hal_gpio.o(i.HAL_GPIO_WritePin) for HAL_GPIO_WritePin
    gpio.o(i.MX_GPIO_Init) refers to stm32f4xx_hal_gpio.o(i.HAL_GPIO_Init) for HAL_GPIO_Init
    freertos.o(i.Control_Task) refers to pid.o(i.PID_Calc) for PID_Calc
    freertos.o(i.Control_Task) refers to pid.o(i.TD_END) for TD_END
    freertos.o(i.Control_Task) refers to pid.o(i.PID_Calc_DualLoop) for PID_Calc_DualLoop
    freertos.o(i.Control_Task) refers to bsp_can.o(i.CAN_SendCurrent) for CAN_SendCurrent
    freertos.o(i.Control_Task) refers to bsp_can.o(i.SendSwitchValue) for SendSwitchValue
    freertos.o(i.Control_Task) refers to cmsis_os.o(i.osDelay) for osDelay
    freertos.o(i.Control_Task) refers to types.o(.data) for desv_bounce_left
    freertos.o(i.Control_Task) refers to types.o(.data) for pid_bounce_left
    freertos.o(i.Control_Task) refers to types.o(.data) for motor_bounce_left
    freertos.o(i.Control_Task) refers to types.o(.data) for desv_bounce_right
[...]
    .data                                    0x200000b0   Section        4  types.o(.data)
    .data                                    0x200000b4   Section        4  types.o(.data)
    .data                                    0x200000b8   Section        4  types.o(.data)
    .data                                    0x200000bc   Section        1  types.o(.data)
    .data                                    0x200000be   Section        2  types.o(.data)
    .data                                    0x200000c0   Section        4  types.o(.data)
    .data                                    0x200000c4   Section        4  types.o(.data)
    .data                                    0x200000c8   Section        4  types.o(.data)
    .data                                    0x200000cc   Section       64  types.o(.data)
    .data                                    0x2000010c   Section       64  types.o(.data)
    .data                                    0x2000014c   Section       64  types.o(.data)
    .data                                    0x2000018c   Section       32  types.o(.data)
    .data                                    0x200001ac   Section       32  types.o(.data)
    .data                                    0x200001cc   Section       28  types.o(.data)
    .data                                    0x200001e8   Section      140  types.o(.data)
    .data                                    0x20000274   Section       68  types.o(.data)
    .data                                    0x200002b8   Section       68  types.o(.data)
    .data                                    0x200002fc   Section       64  logic.o(.data)
    .bss                                     0x2000033c   Section      596  freertos.o(.bss)
    xIdleTaskTCBBuffer                       0x2000033c   Data          84  freertos.o(.bss)
    xIdleStack                               0x20000390   Data         512  freertos.o(.bss)
    .bss                                     0x20000590   Section       80  can.o(.bss)
    .bss                                     0x200005e0   Section       72  tim.o(.bss)
    .bss                                     0x20000628   Section      264  usart.o(.bss)
    .bss                                     0x20000730   Section       72  stm32f4xx_hal_timebase_tim.o(.bss)
    .bss                                     0x20000778   Section      240  tasks.o(.bss)
    pxReadyTasksLists                        0x20000778   Data         140  tasks.o(.bss)
    xDelayedTaskList1                        0x20000804   Data          20  tasks.o(.bss)
    xDelayedTaskList2                        0x20000818   Data          20  tasks.o(.bss)
    xPendingReadyList                        0x2000082c   Data          20  tasks.o(.bss)
    xTasksWaitingTermination                 0x20000840   Data          20  tasks.o(.bss)
    xSuspendedTaskList                       0x20000854   Data          20  tasks.o(.bss)
    .bss                                     0x20000868   Section    15360  heap_4.o(.bss)
    ucHeap                                   0x20000868   Data       15360  heap_4.o(.bss)
    .bss                                     0x20004468   Section       24  bsp_can.o(.bss)
    Tx_Header                                0x20004468   Data          24  bsp_can.o(.bss)
    .bss                                     0x20004480   Section      100  types.o(.bss)
    .bss                                     0x200044e4   Section       18  types.o(.bss)
    .bss                                     0x200044f6   Section       72  types.o(.bss)
    .bss                                     0x20004540   Section       20  types.o(.bss)
    .bss                                     0x20004554   Section       96  libspace.o(.bss)
    HEAP                                     0x200045b8   Section      512  startup_stm32f407xx.o(HEAP)
    Heap_Mem                                 0x200045b8   Data         512  startup_stm32f407xx.o(HEAP)
    STACK                                    0x200047b8   Section     1024  startup_stm32f407xx.o(STACK)
    Stack_Mem                                0x200047b8   Data        1024  startup_stm32f407xx.o(STACK)
    __initial_sp                             0x20004bb8   Data           0  startup_stm32f407xx.o(STACK)

    Global Symbols

    Symbol Name                              Value     Ov Type        Size  Object(Section)

    BuildAttributes$$THM_ISAv4$E$P$D$K$B$S$7EM$VFPi3$EXTD16$VFPS$VFMA$PE$A:L22UL41UL21$X:L11$S22US41US21$IEEE1$IW$USESV6$~STKCKD$USESV7$~SHL$OTIME$ROPI$IEEEJ$EBA8$UX$STANDARDLIB$REQ8$PRES8$EABIv2 0x00000000   Number         0  anon$$obj.o ABSOLUTE
    __ARM_use_no_argv                        0x00000000   Number         0  main.o ABSOLUTE
    __ARM_exceptions_init                     - Undefined Weak Reference
    __alloca_initialize                       - Undefined Weak Reference
    __arm_fini_                               - Undefined Weak Reference
    __arm_preinit_                            - Undefined Weak Reference
    __cpp_initialize__aeabi_                  - Undefined Weak Reference
    __cxa_finalize                            - Undefined Weak Reference
    __rt_locale                               - Undefined Weak Reference
    __sigvec_lookup                           - Undefined Weak Reference
    _atexit_init                              - Undefined Weak Reference
    _call_atexit_fns                          - Undefined Weak Reference
    _clock_init                               - Undefined Weak Reference
    _fp_trap_init                             - Undefined Weak Reference
    _fp_trap_shutdown                         - Undefined Weak Reference
    _get_lc_collate                           - Undefined Weak Reference
    _get_lc_ctype                             - Undefined Weak Reference
    _get_lc_monetary                          - Undefined Weak Reference
    _get_lc_numeric                           - Undefined Weak Reference
    _get_lc_time                              - Undefined Weak Reference
    _getenv_init                              - Undefined Weak Reference
    _handle_redirection                       - Undefined Weak Reference
    _init_alloc                               - Undefined Weak Reference
    _init_user_alloc                          - Undefined Weak Reference
    _initio                                   - Undefined Weak Reference
    _rand_init                                - Undefined Weak Reference
    _signal_finish                            - Undefined Weak Reference
    _signal_init                              - Undefined Weak Reference
    _terminate_alloc                          - Undefined Weak Reference
    _terminate_user_alloc                     - Undefined Weak Reference
    _terminateio                              - Undefined Weak Reference
    __Vectors_Size                           0x00000188   Number         0  startup_stm32f407xx.o ABSOLUTE
    __Vectors                                0x08000000   Data           4  startup_stm32f407xx.o(RESET)
    __Vectors_End                            0x08000188   Data           0  startup_stm32f407xx.o(RESET)
    __main                                   0x08000189   Thumb Code     8  __main.o(!!!main)
    __scatterload                            0x08000191   Thumb Code     0  __scatter.o(!!!scatter)
    __scatterload_rt2                        0x08000191   Thumb Code    44  __scatter.o(!!!scatter)
    __scatterload_rt2_thumb_only             0x08000191   Thumb Code     0  __scatter.o(!!!scatter)
    __scatterload_null                       0x0800019f   Thumb Code     0  __scatter.o(!!!scatter)
    __decompress                             0x080001c5   Thumb Code    90  __dczerorl2.o(!!dczerorl2)
    __decompress1                            0x080001c5   Thumb Code     0  __dczerorl2.o(!!dczerorl2)
    __scatterload_zeroinit                   0x08000221   Thumb Code    28  __scatter_zi.o(!!handler_zi)
    __rt_lib_init                            0x0800023d   Thumb Code     0  libinit.o(.ARM.Collect$$libinit$$00000000)
    __rt_lib_init_fp_1                       0x0800023f   Thumb Code     0  libinit2.o(.ARM.Collect$$libinit$$00000001)
    __rt_lib_init_alloca_1                   0x08000243   Thumb Code     0  libinit2.o(.ARM.Collect$$libinit$$0000002E)
    __rt_lib_init_argv_1                     0x08000243   Thumb Code     0  libinit2.o(.ARM.Collect$$libinit$$0000002C)
    __rt_lib_init_atexit_1                   0x08000243   Thumb Code     0  libinit2.o(.ARM.Collect$$libinit$$0000001B)
    __rt_lib_init_clock_1                    0x08000243   Thumb Code     0  libinit2.o(.ARM.Collect$$libinit$$00000021)
    __rt_lib_init_cpp_1                      0x08000243   Thumb Code     0  libinit2.o(.ARM.Collect$$libinit$$00000032)
    __rt_lib_init_exceptions_1               0x08000243   Thumb Code     0  libinit2.o(.ARM.Collect$$libinit$$00000030)
    __rt_lib_init_fp_trap_1                  0x08000243   Thumb Code     0  libinit2.o(.ARM.Collect$$libinit$$0000001F)
    __rt_lib_init_getenv_1                   0x08000243   Thumb Code     0  libinit2.o(.ARM.Collect$$libinit$$00000023)
    __rt_lib_init_heap_1                     0x08000243   Thumb Code     0  libinit2.o(.ARM.Collect$$libinit$$0000000A)
    __rt_lib_init_lc_collate_1               0x08000243   Thumb Code     0  libinit2.o(.ARM.Collect$$libinit$$00000011)
    __rt_lib_init_lc_ctype_1                 0x08000243   Thumb Code     0  libinit2.o(.ARM.Collect$$libinit$$00000013)
    __rt_lib_init_lc_monetary_1              0x08000243   Thumb Code     0  libinit2.o(.ARM.Collect$$libinit$$00000015)
    __rt_lib_init_lc_numeric_1               0x08000243   Thumb Code     0  libinit2.o(.ARM.Collect$$libinit$$00000017)
    __rt_lib_init_lc_time_1                  0x08000243   Thumb Code     0  libinit2.o(.ARM.Collect$$libinit$$00000019)
    __rt_lib_init_preinit_1                  0x08000243   Thumb Code     0  libinit2.o(.ARM.Collect$$libinit$$00000004)
    __rt_lib_init_rand_1                     0x08000243   Thumb Code     0  libinit2.o(.ARM.Collect$$libinit$$0000000E)
    __rt_lib_init_return                     0x08000243   Thumb Code     0  libinit2.o(.ARM.Collect$$libinit$$00000033)
    __rt_lib_init_signal_1                   0x08000243   Thumb Code     0  libinit2.o(.ARM.Collect$$libinit$$0000001D)
    __rt_lib_init_stdio_1                    0x08000243   Thumb Code     0  libinit2.o(.ARM.Collect$$libinit$$00000025)
    __rt_lib_init_user_alloc_1               0x08000243   Thumb Code     0  libinit2.o(.ARM.Collect$$libinit$$0000000C)
    __rt_lib_shutdown                        0x08000245   Thumb Code     0  libshutdown.o(.ARM.Collect$$libshutdown$$00000000)
    __rt_lib_shutdown_cpp_1                  0x08000247   Thumb Code     0  libshutdown2.o(.ARM.Collect$$libshutdown$$00000004)
    __rt_lib_shutdown_fini_1                 0x08000247   Thumb Code     0  libshutdown2.o(.ARM.Collect$$libshutdown$$00000002)
    __rt_lib_shutdown_fp_trap_1              0x08000247   Thumb Code     0  libshutdown2.o(.ARM.Collect$$libshutdown$$00000009)
    __rt_lib_shutdown_heap_1                 0x08000247   Thumb Code     0  libshutdown2.o(.ARM.Collect$$libshutdown$$00000011)
    __rt_lib_shutdown_return                 0x08000247   Thumb Code     0  libshutdown2.o(.ARM.Collect$$libshutdown$$00000012)
    __rt_lib_shutdown_signal_1               0x08000247   Thumb Code     0  libshutdown2.o(.ARM.Collect$$libshutdown$$0000000C)
    __rt_lib_shutdown_stdio_1                0x08000247   Thumb Code     0  libshutdown2.o(.ARM.Collect$$libshutdown$$00000006)
    __rt_lib_shutdown_user_alloc_1           0x08000247   Thumb Code     0  libshutdown2.o(.ARM.Collect$$libshutdown$$0000000E)
    __rt_entry                               0x08000249   Thumb Code     0  __rtentry.o(.ARM.Collect$$rtentry$$00000000)
    __rt_entry_presh_1                       0x08000249   Thumb Code     0  __rtentry2.o(.ARM.Collect$$rtentry$$00000002)
    __rt_entry_sh                            0x08000249   Thumb Code     0  __rtentry4.o(.ARM.Collect$$rtentry$$00000004)
    __rt_entry_li                            0x0800024f   Thumb Code     0  __rtentry2.o(.ARM.Collect$$rtentry$$0000000A)
    __rt_entry_postsh_1                      0x0800024f   Thumb Code     0  __rtentry2.o(.ARM.Collect$$rtentry$$00000009)
    __rt_entry_main                          0x08000253   Thumb Code     0  __rtentry2.o(.ARM.Collect$$rtentry$$0000000D)
    __rt_entry_postli_1                      0x08000253   Thumb Code     0  __rtentry2.o(.ARM.Collect$$rtentry$$0000000C)
    __rt_exit                                0x0800025b   Thumb Code     0  rtexit.o(.ARM.Collect$$rtexit$$00000000)
    __rt_exit_ls                             0x0800025d   Thumb Code     0  rtexit2.o(.ARM.Collect$$rtexit$$00000003)
    __rt_exit_prels_1                        0x0800025d   Thumb Code     0  rtexit2.o(.ARM.Collect$$rtexit$$00000002)
    __rt_exit_exit                           0x08000261   Thumb Code     0  rtexit2.o(.ARM.Collect$$rtexit$$00000004)
    SVC_Handler                              0x08000269   Thumb Code    28  port.o(.emb_text)
    __asm___6_port_c_39a90d8d__prvStartFirstTask 0x08000289   Thumb Code    36  port.o(.emb_text)
    __asm___6_port_c_39a90d8d__prvEnableVFP  0x080002b1   Thumb Code    16  port.o(.emb_text)
    PendSV_Handler                           0x080002c5   Thumb Code    88  port.o(.emb_text)
    vPortGetIPSR                             0x08000321   Thumb Code     6  port.o(.emb_text)
    Reset_Handler                            0x08000329   Thumb Code     8  startup_stm32f407xx.o(.text)
    ADC_IRQHandler                           0x08000343   Thumb Code     0  startup_stm32f407xx.o(.text)
    CAN1_RX1_IRQHandler                      0x08000343   Thumb Code     0  startup_stm32f407xx.o(.text)
    CAN1_SCE_IRQHandler                      0x08000343   Thumb Code     0  startup_stm32f407xx.o(.text)
    CAN1_TX_IRQHandler                       0x08000343   Thumb Code     0  startup_stm32f407xx.o(.text)
    CAN2_RX1_IRQHandler                      0x08000343   Thumb Code     0  startup_stm32f407xx.o(.text)
    CAN2_SCE_IRQHandler                      0x08000343   Thumb Code     0  startup_stm32f407xx.o(.text)
    CAN2_TX_IRQHandler                       0x08000343   Thumb Code     0  startup_stm32f407xx.o(.text)
    DCMI_IRQHandler                          0x08000343   Thumb Code     0  startup_stm32f407xx.o(.text)
    DMA1_Stream0_IRQHandler                  0x08000343   Thumb Code     0  startup_stm32f407xx.o(.text)
    DMA1_Stream1_IRQHandler                  0x08000343   Thumb Code     0  startup_stm32f407xx.o(.text)
    DMA1_Stream2_IRQHandler                  0x08000343   Thumb Code     0  startup_stm32f407xx.o(.text)
    DMA1_Stream3_IRQHandler                  0x08000343   Thumb Code     0  startup_stm32f407xx.o(.text)
    DMA1_Stream4_IRQHandler                  0x08000343   Thumb Code     0  startup_stm32f407xx.o(.text)
    DMA1_Stream5_IRQHandler                  0x08000343   Thumb Code     0  startup_stm32f407xx.o(.text)
    DMA1_Stream6_IRQHandler                  0x08000343   Thumb Code     0  startup_stm32f407xx.o(.text)
    DMA1_Stream7_IRQHandler                  0x08000343   Thumb Code     0  startup_stm32f407xx.o(.text)
    DMA2_Stream0_IRQHandler                  0x08000343   Thumb Code     0  startup_stm32f407xx.o(.text)
    DMA2_Stream1_IRQHandler                  0x08000343   Thumb Code     0  startup_stm32f407xx.o(.text)
    DMA2_Stream3_IRQHandler                  0x08000343   Thumb Code     0  startup_stm32f407xx.o(.text)
    DMA2_Stream4_IRQHandler                  0x08000343   Thumb Code     0  startup_stm32f407xx.o(.text)
    DMA2_Stream5_IRQHandler                  0x08000343   Thumb Code     0  startup_stm32f407xx.o(.text)
    DMA2_Stream6_IRQHandler                  0x08000343   Thumb Code     0  startup_stm32f407xx.o(.text)
    ETH_IRQHandler                           0x08000343   Thumb Code     0  startup_stm32f407xx.o(.text)
    ETH_WKUP_IRQHandler                      0x08000343   Thumb Code     0  startup_stm32f407xx.o(.text)
    EXTI0_IRQHandler                         0x08000343   Thumb Code     0  startup_stm32f407xx.o(.text)
    EXTI15_10_IRQHandler                     0x08000343   Thumb Code     0  startup_stm32f407xx.o(.text)
    EXTI1_IRQHandler                         0x08000343   Thumb Code     0  startup_stm32f407xx.o(.text)
    EXTI2_IRQHandler                         0x08000343   Thumb Code     0  startup_stm32f407xx.o(.text)
    EXTI3_IRQHandler                         0x08000343   Thumb Code     0  startup_stm32f407xx.o(.text)
    EXTI4_IRQHandler                         0x08000343   Thumb Code     0  startup_stm32f407xx.o(.text)
    EXTI9_5_IRQHandler                       0x08000343   Thumb Code     0  startup_stm32f407xx.o(.text)
    FLASH_IRQHandler                         0x08000343   Thumb Code     0  startup_stm32f407xx.o(.text)
    FMC_IRQHandler                           0x08000343   Thumb Code     0  startup_stm32f407xx.o(.text)
    FPU_IRQHandler                           0x08000343   Thumb Code     0  startup_stm32f407xx.o(.text)
    HASH_RNG_IRQHandler                      0x08000343   Thumb Code     0  startup_stm32f407xx.o(.text)
    I2C1_ER_IRQHandler                       0x08000343   Thumb Code     0  startup_stm32f407xx.o(.text)
    I2C1_EV_IRQHandler                       0x08000343   Thumb Code     0  startup_stm32f407xx.o(.text)
    I2C2_ER_IRQHandler                       0x08000343   Thumb Code     0  startup_stm32f407xx.o(.text)
    I2C2_EV_IRQHandler                       0x08000343   Thumb Code     0  startup_stm32f407xx.o(.text)
    I2C3_ER_IRQHandler                       0x08000343   Thumb Code     0  startup_stm32f407xx.o(.text)
    I2C3_EV_IRQHandler                       0x08000343   Thumb Code     0  startup_stm32f407xx.o(.text)
    OTG_FS_IRQHandler                        0x08000343   Thumb Code     0  startup_stm32f407xx.o(.text)
    OTG_FS_WKUP_IRQHandler                   0x08000343   Thumb Code     0  startup_stm32f407xx.o(.text)
    OTG_HS_EP1_IN_IRQHandler                 0x08000343   Thumb Code     0  startup_stm32f407xx.o(.text)
    OTG_HS_EP1_OUT_IRQHandler                0x08000343   Thumb Code     0  startup_stm32f407xx.o(.text)
    OTG_HS_IRQHandler                        0x08000343   Thumb Code     0  startup_stm32f407xx.o(.text)
    OTG_HS_WKUP_IRQHandler                   0x08000343   Thumb Code     0  startup_stm32f407xx.o(.text)
    PVD_IRQHandler                           0x08000343   Thumb Code     0  startup_stm32f407xx.o(.text)
    RCC_IRQHandler                           0x08000343   Thumb Code     0  startup_stm32f407xx.o(.text)
    RTC_Alarm_IRQHandler                     0x08000343   Thumb Code     0  startup_stm32f407xx.o(.text)
    RTC_WKUP_IRQHandler                      0x08000343   Thumb Code     0  startup_stm32f407xx.o(.text)
    SDIO_IRQHandler                          0x08000343   Thumb Code     0  startup_stm32f407xx.o(.text)
    SPI1_IRQHandler                          0x08000343   Thumb Code     0  startup_stm32f407xx.o(.text)
    SPI2_IRQHandler                          0x08000343   Thumb Code     0  startup_stm32f407xx.o(.text)
    SPI3_IRQHandler                          0x08000343   Thumb Code     0  startup_stm32f407xx.o(.text)
    TAMP_STAMP_IRQHandler                    0x08000343   Thumb Code     0  startup_stm32f407xx.o(.text)
    TIM1_BRK_TIM9_IRQHandler                 0x08000343   Thumb Code     0  startup_stm32f407xx.o(.text)
    TIM1_CC_IRQHandler                       0x08000343   Thumb Code     0  startup_stm32f407xx.o(.text)
    TIM1_TRG_COM_TIM11_IRQHandler            0x08000343   Thumb Code     0  startup_stm32f407xx.o(.text)
    TIM3_IRQHandler                          0x08000343   Thumb Code     0  startup_stm32f407xx.o(.text)
    TIM4_IRQHandler                          0x08000343   Thumb Code     0  startup_stm32f407xx.o(.text)
    TIM5_IRQHandler                          0x08000343   Thumb Code     0  startup_stm32f407xx.o(.text)
    TIM6_DAC_IRQHandler                      0x08000343   Thumb Code     0  startup_stm32f407xx.o(.text)
    TIM7_IRQHandler                          0x08000343   Thumb Code     0  startup_stm32f407xx.o(.text)
    TIM8_BRK_TIM12_IRQHandler                0x08000343   Thumb Code     0  startup_stm32f407xx.o(.text)
    TIM8_CC_IRQHandler                       0x08000343   Thumb Code     0  startup_stm32f407xx.o(.text)
    TIM8_TRG_COM_TIM14_IRQHandler            0x08000343   Thumb Code     0  startup_stm32f407xx.o(.text)
    TIM8_UP_TIM13_IRQHandler                 0x08000343   Thumb Code     0  startup_stm32f407xx.o(.text)
    UART4_IRQHandler                         0x08000343   Thumb Code     0  startup_stm32f407xx.o(.text)
    UART5_IRQHandler                         0x08000343   Thumb Code     0  startup_stm32f407xx.o(.text)
    USART2_IRQHandler                        0x08000343   Thumb Code     0  startup_stm32f407xx.o(.text)
    USART3_IRQHandler                        0x08000343   Thumb Code     0  startup_stm32f407xx.o(.text)
    USART6_IRQHandler                        0x08000343   Thumb Code     0  startup_stm32f407xx.o(.text)
    WWDG_IRQHandler                          0x08000343   Thumb Code     0  startup_stm32f407xx.o(.text)
    __user_initial_stackheap                 0x08000345   Thumb Code     0  startup_stm32f407xx.o(.text)
    __aeabi_uldivmod                         0x08000369   Thumb Code     0  lludivv7m.o(.text)
    _ll_udiv                                 0x08000369   Thumb Code   238  lludivv7m.o(.text)
    __aeabi_memcpy4                          0x08000457   Thumb Code     0  rt_memcpy_w.o(.text)
    __aeabi_memcpy8                          0x08000457   Thumb Code     0  rt_memcpy_w.o(.text)
    __rt_memcpy_w                            0x08000457   Thumb Code   100  rt_memcpy_w.o(.text)
    _memcpy_lastbytes_aligned                0x0800049f   Thumb Code     0  rt_memcpy_w.o(.text)
    __aeabi_memclr4                          0x080004bb   Thumb Code     0  rt_memclr_w.o(.text)
    __aeabi_memclr8                          0x080004bb   Thumb Code     0  rt_memclr_w.o(.text)
    __rt_memclr_w                            0x080004bb   Thumb Code    78  rt_memclr_w.o(.text)
    _memset_w                                0x080004bf   Thumb Code     0  rt_memclr_w.o(.text)
    __use_two_region_memory                  0x08000509   Thumb Code     2  heapauxi.o(.text)
    __rt_heap_escrow$2region                 0x0800050b   Thumb Code     2  heapauxi.o(.text)
    __rt_heap_expand$2region                 0x0800050d   Thumb Code     2  heapauxi.o(.text)
    __read_errno                             0x0800050f   Thumb Code    10  _rserrno.o(.text)
    __set_errno                              0x08000519   Thumb Code    12  _rserrno.o(.text)
    __aeabi_errno_addr                       0x08000525   Thumb Code     8  rt_errno_addr_intlibspace.o(.text)
    __errno$intlibspace                      0x08000525   Thumb Code     0  rt_errno_addr_intlibspace.o(.text)
    __rt_errno_addr$intlibspace              0x08000525   Thumb Code     0  rt_errno_addr_intlibspace.o(.text)
    __user_libspace                          0x0800052d   Thumb Code     8  libspace.o(.text)
    __user_perproc_libspace                  0x0800052d   Thumb Code     0  libspace.o(.text)
    __user_perthread_libspace                0x0800052d   Thumb Code     0  libspace.o(.text)
    __user_setup_stackheap                   0x08000535   Thumb Code    74  sys_stackheap_outer.o(.text)
    exit                                     0x0800057f   Thumb Code    18  exit.o(.text)
    _sys_exit                                0x08000591   Thumb Code     8  sys_exit.o(.text)
    __I$use$semihosting                      0x0800059d   Thumb Code     0  use_no_semi.o(.text)
    __use_no_semihosting_swi                 0x0800059d   Thumb Code     2  use_no_semi.o(.text)
    Abs_Encoder_Process                      0x0800059f   Thumb Code    66  bsp_can.o(i.Abs_Encoder_Process)
    __semihosting_library_function           0x0800059f   Thumb Code     0  indicate_semi.o(.text)
    Aim_Task                                 0x080005e1   Thumb Code     2  logic.o(i.Aim_Task)
    Bounce_Inited_Task                       0x080005e5   Thumb Code   480  logic.o(i.Bounce_Inited_Task)
    BusFault_Handler                         0x08000805   Thumb Code     2  stm32f4xx_it.o(i.BusFault_Handler)
    CAN1_FILTER_CONFIG                       0x08000809   Thumb Code    60  bsp_can.o(i.CAN1_FILTER_CONFIG)
    CAN1_RX0_IRQHandler                      0x08000849   Thumb Code     6  stm32f4xx_it.o(i.CAN1_RX0_IRQHandler)
    CAN2_FILTER_CONFIG                       0x08000855   Thumb Code    62  bsp_can.o(i.CAN2_FILTER_CONFIG)
    CAN2_RX0_IRQHandler                      0x08000899   Thumb Code     6  stm32f4xx_it.o(i.CAN2_RX0_IRQHandler)
    CANX_SendStdData                         0x080008a5   Thumb Code    70  bsp_can.o(i.CANX_SendStdData)
    CAN_SendCurrent                          0x080008f1   Thumb Code    58  bsp_can.o(i.CAN_SendCurrent)
    Cacul_w                                  0x0800092b   Thumb Code    22  bsp_can.o(i.Cacul_w)
    CalTD                                    0x08000941   Thumb Code   358  pid.o(i.CalTD)
    Control_Task                             0x08000aa9   Thumb Code   182  freertos.o(i.Control_Task)
    DMA2_Stream2_IRQHandler                  0x08000b91   Thumb Code     6  stm32f4xx_it.o(i.DMA2_Stream2_IRQHandler)
    DMA2_Stream7_IRQHandler                  0x08000b9d   Thumb Code     6  stm32f4xx_it.o(i.DMA2_Stream7_IRQHandler)
    DebugMon_Handler                         0x08000c77   Thumb Code     2  stm32f4xx_it.o(i.DebugMon_Handler)
    Error_Handler                            0x08000c79   Thumb Code     4  main.o(i.Error_Handler)
    Force_Task                               0x08000c7d   Thumb Code     2  logic.o(i.Force_Task)
    GetEncoderNumber                         0x08000c7f   Thumb Code    32  bsp_can.o(i.GetEncoderNumber)
    GetSpeed                                 0x08000ca1   Thumb Code    32  bsp_can.o(i.GetSpeed)
    HAL_CAN_ActivateNotification             0x08000cc5   Thumb Code    36  stm32f4xx_hal_can.o(i.HAL_CAN_ActivateNotification)
    HAL_CAN_AddTxMessage                     0x08000ce9   Thumb Code   226  stm32f4xx_hal_can.o(i.HAL_CAN_AddTxMessage)
    HAL_CAN_ConfigFilter                     0x08000dcd   Thumb Code   266  stm32f4xx_hal_can.o(i.HAL_CAN_ConfigFilter)
    HAL_CAN_ErrorCallback                    0x08000edd   Thumb Code     2  stm32f4xx_hal_can.o(i.HAL_CAN_ErrorCallback)
    HAL_CAN_GetRxMessage                     0x08000edf   Thumb Code   274  stm32f4xx_hal_can.o(i.HAL_CAN_GetRxMessage)
    HAL_CAN_IRQHandler                       0x08000ff1   Thumb Code   508  stm32f4xx_hal_can.o(i.HAL_CAN_IRQHandler)
    HAL_CAN_Init                             0x080011ed   Thumb Code   338  stm32f4xx_hal_can.o(i.HAL_CAN_Init)
    HAL_CAN_MspInit                          0x08001341   Thumb Code   238  can.o(i.HAL_CAN_MspInit)
    HAL_CAN_RxFifo0FullCallback              0x08001445   Thumb Code     2  stm32f4xx_hal_can.o(i.HAL_CAN_RxFifo0FullCallback)
    HAL_CAN_RxFifo0MsgPendingCallback        0x08001449   Thumb Code   560  bsp_can.o(i.HAL_CAN_RxFifo0MsgPendingCallback)
    HAL_CAN_RxFifo1FullCallback              0x080016bd   Thumb Code     2  stm32f4xx_hal_can.o(i.HAL_CAN_RxFifo1FullCallback)
    HAL_CAN_RxFifo1MsgPendingCallback        0x080016bf   Thumb Code     2  stm32f4xx_hal_can.o(i.HAL_CAN_RxFifo1MsgPendingCallback)
    HAL_CAN_SleepCallback                    0x080016c1   Thumb Code     2  stm32f4xx_hal_can.o(i.HAL_CAN_SleepCallback)
    HAL_CAN_Start                            0x080016c3   Thumb Code    88  stm32f4xx_hal_can.o(i.HAL_CAN_Start)
    HAL_CAN_TxMailbox0AbortCallback          0x0800171b   Thumb Code     2  stm32f4xx_hal_can.o(i.HAL_CAN_TxMailbox0AbortCallback)
    HAL_CAN_TxMailbox0CompleteCallback       0x0800171d   Thumb Code     2  stm32f4xx_hal_can.o(i.HAL_CAN_TxMailbox0CompleteCallback)
    HAL_CAN_TxMailbox1AbortCallback          0x0800171f   Thumb Code     2  stm32f4xx_hal_can.o(i.HAL_CAN_TxMailbox1AbortCallback)
    HAL_CAN_TxMailbox1CompleteCallback       0x08001721   Thumb Code     2  stm32f4xx_hal_can.o(i.HAL_CAN_TxMailbox1CompleteCallback)
    HAL_CAN_TxMailbox2AbortCallback          0x08001723   Thumb Code     2  stm32f4xx_hal_can.o(i.HAL_CAN_TxMailbox2AbortCallback)
    HAL_CAN_TxMailbox2CompleteCallback       0x08001725   Thumb Code     2  stm32f4xx_hal_can.o(i.HAL_CAN_TxMailbox2CompleteCallback)
    HAL_CAN_WakeUpFromRxMsgCallback          0x08001727   Thumb Code     2  stm32f4xx_hal_can.o(i.HAL_CAN_WakeUpFromRxMsgCallback)
    HAL_DMA_Abort                            0x08001729   Thumb Code   142  stm32f4xx_hal_dma.o(i.HAL_DMA_Abort)
    HAL_DMA_Abort_IT                         0x080017b7   Thumb Code    36  stm32f4xx_hal_dma.o(i.HAL_DMA_Abort_IT)
    HAL_DMA_IRQHandler                       0x080017dd   Thumb Code   460  stm32f4xx_hal_dma.o(i.HAL_DMA_IRQHandler)
    HAL_DMA_Init                             0x080019ad   Thumb Code   208  stm32f4xx_hal_dma.o(i.HAL_DMA_Init)
    HAL_DMA_Start_IT                         0x08001a81   Thumb Code   110  stm32f4xx_hal_dma.o(i.HAL_DMA_Start_IT)
    HAL_GPIO_Init                            0x08001af1   Thumb Code   420  stm32f4xx_hal_gpio.o(i.HAL_GPIO_Init)
    HAL_GPIO_WritePin                        0x08001cc1   Thumb Code    14  stm32f4xx_hal_gpio.o(i.HAL_GPIO_WritePin)
    HAL_GetTick                              0x08001cd1   Thumb Code     6  stm32f4xx_hal.o(i.HAL_GetTick)
    HAL_IncTick                              0x08001cdd   Thumb Code    12  stm32f4xx_hal.o(i.HAL_IncTick)
    HAL_Init                                 0x08001ced   Thumb Code    48  stm32f4xx_hal.o(i.HAL_Init)
    HAL_InitTick                             0x08001d21   Thumb Code   120  stm32f4xx_hal_timebase_tim.o(i.HAL_InitTick)
    HAL_MspInit                              0x08001dad   Thumb Code    52  stm32f4xx_hal_msp.o(i.HAL_MspInit)
    HAL_NVIC_EnableIRQ                       0x08001de5   Thumb Code    26  stm32f4xx_hal_cortex.o(i.HAL_NVIC_EnableIRQ)
    HAL_NVIC_SetPriority                     0x08001e01   Thumb Code    60  stm32f4xx_hal_cortex.o(i.HAL_NVIC_SetPriority)
    HAL_NVIC_SetPriorityGrouping             0x08001e41   Thumb Code    26  stm32f4xx_hal_cortex.o(i.HAL_NVIC_SetPriorityGrouping)
    HAL_RCC_ClockConfig                      0x08001e65   Thumb Code   310  stm32f4xx_hal_rcc.o(i.HAL_RCC_ClockConfig)
    HAL_RCC_GetClockConfig                   0x08001fb1   Thumb Code    52  stm32f4xx_hal_rcc.o(i.HAL_RCC_GetClockConfig)
    HAL_RCC_GetHCLKFreq                      0x08001fed   Thumb Code     6  stm32f4xx_hal_rcc.o(i.HAL_RCC_GetHCLKFreq)
    HAL_RCC_GetPCLK1Freq                     0x08001ff9   Thumb Code    22  stm32f4xx_hal_rcc.o(i.HAL_RCC_GetPCLK1Freq)
    HAL_RCC_GetPCLK2Freq                     0x08002019   Thumb Code    22  stm32f4xx_hal_rcc.o(i.HAL_RCC_GetPCLK2Freq)
    HAL_RCC_GetSysClockFreq                  0x08002039   Thumb Code    94  stm32f4xx_hal_rcc.o(i.HAL_RCC_GetSysClockFreq)
    HAL_RCC_OscConfig                        0x080020a1   Thumb Code   942  stm32f4xx_hal_rcc.o(i.HAL_RCC_OscConfig)
    HAL_TIMEx_BreakCallback                  0x08002461   Thumb Code     2  stm32f4xx_hal_tim_ex.o(i.HAL_TIMEx_BreakCallback)
    HAL_TIMEx_CommutCallback                 0x08002463   Thumb Code     2  stm32f4xx_hal_tim_ex.o(i.HAL_TIMEx_CommutCallback)
    HAL_TIMEx_MasterConfigSynchronization    0x08002465   Thumb Code   114  stm32f4xx_hal_tim_ex.o(i.HAL_TIMEx_MasterConfigSynchronization)
    HAL_TIM_Base_Init                        0x080024f5   Thumb Code    74  stm32f4xx_hal_tim.o(i.HAL_TIM_Base_Init)
    HAL_TIM_Base_MspInit                     0x08002541   Thumb Code    50  tim.o(i.HAL_TIM_Base_MspInit)
    HAL_TIM_Base_Start_IT                    0x08002579   Thumb Code   110  stm32f4xx_hal_tim.o(i.HAL_TIM_Base_Start_IT)
    HAL_TIM_ConfigClockSource                0x08002605   Thumb Code   232  stm32f4xx_hal_tim.o(i.HAL_TIM_ConfigClockSource)
    HAL_TIM_IC_CaptureCallback               0x080026ed   Thumb Code     2  stm32f4xx_hal_tim.o(i.HAL_TIM_IC_CaptureCallback)
    HAL_TIM_IRQHandler                       0x080026ef   Thumb Code   312  stm32f4xx_hal_tim.o(i.HAL_TIM_IRQHandler)
    HAL_TIM_OC_DelayElapsedCallback          0x08002827   Thumb Code     2  stm32f4xx_hal_tim.o(i.HAL_TIM_OC_DelayElapsedCallback)
    HAL_TIM_PWM_PulseFinishedCallback        0x08002829   Thumb Code     2  stm32f4xx_hal_tim.o(i.HAL_TIM_PWM_PulseFinishedCallback)
    HAL_TIM_PeriodElapsedCallback            0x0800282d   Thumb Code    14  main.o(i.HAL_TIM_PeriodElapsedCallback)
    HAL_TIM_TriggerCallback                  0x08002841   Thumb Code     2  stm32f4xx_hal_tim.o(i.HAL_TIM_TriggerCallback)
    HAL_UARTEx_RxEventCallback               0x08002843   Thumb Code     2  stm32f4xx_hal_uart.o(i.HAL_UARTEx_RxEventCallback)
    HAL_UART_DMAResume                       0x08002845   Thumb Code   114  stm32f4xx_hal_uart.o(i.HAL_UART_DMAResume)
    HAL_UART_DMAStop                         0x080028b7   Thumb Code   112  stm32f4xx_hal_uart.o(i.HAL_UART_DMAStop)
    HAL_UART_ErrorCallback                   0x08002927   Thumb Code     2  stm32f4xx_hal_uart.o(i.HAL_UART_ErrorCallback)
    HAL_UART_IRQHandler                      0x08002929   Thumb Code   578  stm32f4xx_hal_uart.o(i.HAL_UART_IRQHandler)
    HAL_UART_Init                            0x08002b71   Thumb Code   102  stm32f4xx_hal_uart.o(i.HAL_UART_Init)
    HAL_UART_MspInit                         0x08002bd9   Thumb Code   212  usart.o(i.HAL_UART_MspInit)
    HAL_UART_Receive_DMA                     0x08002cc1   Thumb Code    28  stm32f4xx_hal_uart.o(i.HAL_UART_Receive_DMA)
    HAL_UART_RxCpltCallback                  0x08002cdd   Thumb Code     2  stm32f4xx_hal_uart.o(i.HAL_UART_RxCpltCallback)
    HAL_UART_RxHalfCpltCallback              0x08002cdf   Thumb Code     2  stm32f4xx_hal_uart.o(i.HAL_UART_RxHalfCpltCallback)
    HAL_UART_Transmit_IT                     0x08002ce1   Thumb Code    50  stm32f4xx_hal_uart.o(i.HAL_UART_Transmit_IT)
    HAL_UART_TxCpltCallback                  0x08002d13   Thumb Code     2  stm32f4xx_hal_uart.o(i.HAL_UART_TxCpltCallback)
    HardFault_Handler                        0x08002d15   Thumb Code     2  stm32f4xx_it.o(i.HardFault_Handler)
    Home_Task                                0x08002d17   Thumb Code     2  logic.o(i.Home_Task)
    Init_Task                                0x08002d19   Thumb Code     2  logic.o(i.Init_Task)
    Lay_Task                                 0x08002d1b   Thumb Code     2  logic.o(i.Lay_Task)
    Logic                                    0x08002d1d   Thumb Code   206  logic.o(i.Logic)
    Logic_Task                               0x08002df5   Thumb Code    32  freertos.o(i.Logic_Task)
    MX_CAN1_Init                             0x08002e1d   Thumb Code    60  can.o(i.MX_CAN1_Init)
    MX_CAN2_Init                             0x08002e61   Thumb Code    60  can.o(i.MX_CAN2_Init)
    MX_DMA_Init                              0x08002ea5   Thumb Code    56  dma.o(i.MX_DMA_Init)
    MX_FREERTOS_Init                         0x08002ee1   Thumb Code   140  freertos.o(i.MX_FREERTOS_Init)
    MX_GPIO_Init                             0x08002f75   Thumb Code   118  gpio.o(i.MX_GPIO_Init)
    MX_TIM2_Init                             0x08002ff5   Thumb Code    98  tim.o(i.MX_TIM2_Init)
    MX_USART1_UART_Init                      0x0800305d   Thumb Code    48  usart.o(i.MX_USART1_UART_Init)
    MemManage_Handler                        0x08003095   Thumb Code     2  stm32f4xx_it.o(i.MemManage_Handler)
    Monitor_Task                             0x08003099   Thumb Code    42  freertos.o(i.Monitor_Task)
    NMI_Handler                              0x080030c9   Thumb Code     2  stm32f4xx_it.o(i.NMI_Handler)
    PID_Calc                                 0x080030cd   Thumb Code   284  pid.o(i.PID_Calc)
    PID_Calc_DualLoop                        0x080031ed   Thumb Code    36  pid.o(i.PID_Calc_DualLoop)
    Rx_Task                                  0x08003211   Thumb Code    16  freertos.o(i.Rx_Task)
    SendSwitchValue                          0x08003225   Thumb Code    46  bsp_can.o(i.SendSwitchValue)
    Sgn                                      0x08003259   Thumb Code    34  types.o(i.Sgn)
    Shot_Task                                0x0800327b   Thumb Code     2  logic.o(i.Shot_Task)
    StartDefaultTask                         0x0800327d   Thumb Code     8  freertos.o(i.StartDefaultTask)
    Stretch_Task                             0x08003285   Thumb Code     2  logic.o(i.Stretch_Task)
    SysTick_Handler                          0x08003289   Thumb Code    38  port.o(i.SysTick_Handler)
    SystemClock_Config                       0x080032b5   Thumb Code   138  main.o(i.SystemClock_Config)
    SystemInit                               0x08003349   Thumb Code    12  system_stm32f4xx.o(i.SystemInit)
    TD_END                                   0x08003359   Thumb Code    20  pid.o(i.TD_END)
    TIM1_UP_TIM10_IRQHandler                 0x0800336d   Thumb Code     6  stm32f4xx_it.o(i.TIM1_UP_TIM10_IRQHandler)
    TIM2_IRQHandler                          0x08003379   Thumb Code     6  stm32f4xx_it.o(i.TIM2_IRQHandler)
    TIM_Base_SetConfig                       0x08003385   Thumb Code   168  stm32f4xx_hal_tim.o(i.TIM_Base_SetConfig)
    TIM_ETR_SetConfig                        0x08003459   Thumb Code    20  stm32f4xx_hal_tim.o(i.TIM_ETR_SetConfig)
    Tx_Task                                  0x080034c5   Thumb Code    94  freertos.o(i.Tx_Task)
    UART_Start_Receive_DMA                   0x08003891   Thumb Code   150  stm32f4xx_hal_uart.o(i.UART_Start_Receive_DMA)
    USART1_IRQHandler                        0x08003995   Thumb Code    62  stm32f4xx_it.o(i.USART1_IRQHandler)
    UsageFault_Handler                       0x080039e1   Thumb Code     2  stm32f4xx_it.o(i.UsageFault_Handler)
    __hardfp_fabs                            0x08003a03   Thumb Code    20  fabs.o(i.__hardfp_fabs)
    __hardfp_sqrt                            0x08003a17   Thumb Code   122  sqrt.o(i.__hardfp_sqrt)
    can1_start                               0x08003a91   Thumb Code    26  bsp_can.o(i.can1_start)
    can2_start                               0x08003ab1   Thumb Code    26  bsp_can.o(i.can2_start)
    main                                     0x08003ad1   Thumb Code    46  main.o(i.main)
    osDelay                                  0x08003b0b   Thumb Code    16  cmsis_os.o(i.osDelay)
    osKernelStart                            0x08003b1b   Thumb Code    10  cmsis_os.o(i.osKernelStart)
    osThreadCreate                           0x08003b25   Thumb Code    88  cmsis_os.o(i.osThreadCreate)
    pvPortMalloc                             0x08003ef5   Thumb Code   214  heap_4.o(i.pvPortMalloc)
    pxPortInitialiseStack                    0x08003fd1   Thumb Code    30  port.o(i.pxPortInitialiseStack)
    robot_init                               0x08003ff5   Thumb Code    42  robot_init.o(i.robot_init)
    uxListRemove                             0x0800402d   Thumb Code    38  list.o(i.uxListRemove)
    vApplicationGetIdleTaskMemory            0x08004055   Thumb Code    16  freertos.o(i.vApplicationGetIdleTaskMemory)
    vListInitialise                          0x08004069   Thumb Code    22  list.o(i.vListInitialise)
    vListInitialiseItem                      0x0800407f   Thumb Code     6  list.o(i.vListInitialiseItem)
    vListInsert                              0x08004085   Thumb Code    48  list.o(i.vListInsert)
    vListInsertEnd                           0x080040b5   Thumb Code    24  list.o(i.vListInsertEnd)
    vPortEnterCritical                       0x080040cd   Thumb Code    54  port.o(i.vPortEnterCritical)
    vPortExitCritical                        0x0800410d   Thumb Code    38  port.o(i.vPortExitCritical)
    vPortFree                                0x08004139   Thumb Code    94  heap_4.o(i.vPortFree)
    vPortSetupTimerInterrupt                 0x0800419d   Thumb Code    32  port.o(i.vPortSetupTimerInterrupt)
    vTaskDelay                               0x080041c1   Thumb Code    70  tasks.o(i.vTaskDelay)
    vTaskStartScheduler                      0x08004211   Thumb Code   118  tasks.o(i.vTaskStartScheduler)
    vTaskSuspendAll                          0x08004299   Thumb Code    10  tasks.o(i.vTaskSuspendAll)
    vTaskSwitchContext                       0x080042a9   Thumb Code    86  tasks.o(i.vTaskSwitchContext)
    xPortStartScheduler                      0x08004309   Thumb Code   222  port.o(i.xPortStartScheduler)
    xTaskCreate                              0x080043fd   Thumb Code   100  tasks.o(i.xTaskCreate)
    xTaskCreateStatic                        0x08004461   Thumb Code    92  tasks.o(i.xTaskCreateStatic)
    xTaskIncrementTick                       0x080044bd   Thumb Code   198  tasks.o(i.xTaskIncrementTick)
    xTaskResumeAll                           0x0800458d   Thumb Code   192  tasks.o(i.xTaskResumeAll)
    __aeabi_d2f                              0x08004659   Thumb Code     0  d2f.o(x$fpl$d2f)
    _d2f                                     0x08004659   Thumb Code    98  d2f.o(x$fpl$d2f)
    __aeabi_dadd                             0x080046bd   Thumb Code     0  daddsub_clz.o(x$fpl$dadd)
    _dadd                                    0x080046bd   Thumb Code   332  daddsub_clz.o(x$fpl$dadd)
    __fpl_dcmp_Inf                           0x0800480d   Thumb Code    24  dcmpi.o(x$fpl$dcmpinf)
    __aeabi_cdcmple                          0x08004825   Thumb Code     0  dleqf.o(x$fpl$dleqf)
    _dcmple                                  0x08004825   Thumb Code   120  dleqf.o(x$fpl$dleqf)
    __fpl_dcmple_InfNaN                      0x08004887   Thumb Code     0  dleqf.o(x$fpl$dleqf)
    __aeabi_dmul                             0x0800489d   Thumb Code     0  dmul.o(x$fpl$dmul)
    _dmul                                    0x0800489d   Thumb Code   332  dmul.o(x$fpl$dmul)
    __fpl_dnaninf                            0x080049f1   Thumb Code   156  dnaninf.o(x$fpl$dnaninf)
    __fpl_dretinf                            0x08004a8d   Thumb Code    12  dretinf.o(x$fpl$dretinf)
    __aeabi_cdrcmple                         0x08004a99   Thumb Code     0  drleqf.o(x$fpl$drleqf)
    _drcmple                                 0x08004a99   Thumb Code   108  drleqf.o(x$fpl$drleqf)
    _dsqrt                                   0x08004b05   Thumb Code   404  dsqrt_umaal.o(x$fpl$dsqrt)
    __aeabi_dsub                             0x08004c9d   Thumb Code     0  daddsub_clz.o(x$fpl$dsub)
    _dsub                                    0x08004c9d   Thumb Code   464  daddsub_clz.o(x$fpl$dsub)
    __aeabi_f2d                              0x08004e71   Thumb Code     0  f2d.o(x$fpl$f2d)
    _f2d                                     0x08004e71   Thumb Code    86  f2d.o(x$fpl$f2d)
    __fpl_fnaninf                            0x08004ec7   Thumb Code   140  fnaninf.o(x$fpl$fnaninf)
    _fp_init                                 0x08004f53   Thumb Code    10  fpinit.o(x$fpl$fpinit)
    __fplib_config_fpu_vfp                   0x08004f5b   Thumb Code     0  fpinit.o(x$fpl$fpinit)
    __fplib_config_pureend_doubles           0x08004f5b   Thumb Code     0  fpinit.o(x$fpl$fpinit)
    __fpl_fretinf                            0x08004f5d   Thumb Code    10  fretinf.o(x$fpl$fretinf)
    __I$use$fp                               0x08004f66   Number         0  usenofp.o(x$fpl$usenofp)
    AHBPrescTable                            0x08005018   Data          16  system_stm32f4xx.o(.constdata)
    APBPrescTable                            0x08005028   Data           8  system_stm32f4xx.o(.constdata)
    Region$$Table$$Base                      0x08005064   Number         0  anon$$obj.o(Region$$Table)
    Region$$Table$$Limit                     0x08005084   Number         0  anon$$obj.o(Region$$Table)
    defaultTaskHandle                        0x20000000   Data           4  freertos.o(.data)
    logicHandle                              0x20000004   Data           4  freertos.o(.data)
    controlHandle                            0x20000008   Data           4  freertos.o(.data)
    monitorHandle                            0x2000000c   Data           4  freertos.o(.data)
    usartRXHandle                            0x20000010   Data           4  freertos.o(.data)
    usartTXHandle                            0x20000014   Data           4  freertos.o(.data)
    remaining                                0x2000001c   Data           4  stm32f4xx_it.o(.data)
    uwTickFreq                               0x20000020   Data           1  stm32f4xx_hal.o(.data)
    uwTickPrio                               0x20000024   Data           4  stm32f4xx_hal.o(.data)
    uwTick                                   0x20000028   Data           4  stm32f4xx_hal.o(.data)
    SystemCoreClock                          0x2000002c   Data           4  system_stm32f4xx.o(.data)
    pxCurrentTCB                             0x20000030   Data           4  tasks.o(.data)
    RxMsg_CAN1                               0x20000098   Data           8  bsp_can.o(.data)
    RxMsg_CAN2                               0x200000a0   Data           8  bsp_can.o(.data)
    des_pitch                                0x200000a8   Data           2  types.o(.data)
    des_shot                                 0x200000ac   Data           4  types.o(.data)
    des_rotate                               0x200000b0   Data           4  types.o(.data)
    desv_bounce_left                         0x200000b4   Data           4  types.o(.data)
    desv_bounce_right                        0x200000b8   Data           4  types.o(.data)
    desq_catch                               0x200000bc   Data           1  types.o(.data)
    fb_pitch                                 0x200000be   Data           2  types.o(.data)
    fb_rotate                                0x200000c0   Data           4  types.o(.data)
    fbv_bounce_left                          0x200000c4   Data           4  types.o(.data)
    fbv_bounce_right                         0x200000c8   Data           4  types.o(.data)
    motor_bounce_left                        0x200000cc   Data          64  types.o(.data)
    motor_bounce_right                       0x2000010c   Data          64  types.o(.data)
    motor_rotate                             0x2000014c   Data          64  types.o(.data)
    motor_shot_up                            0x2000018c   Data          32  types.o(.data)
    motor_shot_down                          0x200001ac   Data          32  types.o(.data)
    td_rotate                                0x200001cc   Data          28  types.o(.data)
    pid_rotate                               0x200001e8   Data         140  types.o(.data)
    pid_bounce_left                          0x20000274   Data          68  types.o(.data)
    pid_bounce_right                         0x200002b8   Data          68  types.o(.data)
    step_init                                0x200002fc   Data           1  logic.o(.data)
    step_bounce                              0x200002fd   Data           1  logic.o(.data)
    step_lay                                 0x200002fe   Data           1  logic.o(.data)
    step_aim                                 0x200002ff   Data           1  logic.o(.data)
    step_shot                                0x20000300   Data           1  logic.o(.data)
    step_home                                0x20000301   Data           1  logic.o(.data)
    step_force                               0x20000302   Data           1  logic.o(.data)
    step_stretch                             0x20000303   Data           1  logic.o(.data)
    flag_bounce                              0x20000304   Data           1  logic.o(.data)
    flag_lay                                 0x20000305   Data           1  logic.o(.data)
    flag_aim                                 0x20000306   Data           1  logic.o(.data)
    flag_shot                                0x20000307   Data           1  logic.o(.data)
    flag_init                                0x20000308   Data           1  logic.o(.data)
    flag_home                                0x20000309   Data           1  logic.o(.data)
    flag_force                               0x2000030a   Data           1  logic.o(.data)
    flag_stretch                             0x2000030b   Data           1  logic.o(.data)
    time2_1                                  0x2000030c   Data           4  logic.o(.data)
    time2_2                                  0x20000310   Data           4  logic.o(.data)
    time2_3                                  0x20000314   Data           4  logic.o(.data)
    lefta                                    0x20000318   Data           4  logic.o(.data)
    righta                                   0x2000031c   Data           4  logic.o(.data)
    leftb                                    0x20000320   Data           4  logic.o(.data)
    rightb                                   0x20000324   Data           4  logic.o(.data)
    t1                                       0x20000328   Data           4  logic.o(.data)
    t2                                       0x2000032c   Data           4  logic.o(.data)
    t3                                       0x20000330   Data           4  logic.o(.data)
    aaaaa                                    0x20000334   Data           4  logic.o(.data)
    maxA                                     0x20000338   Data           4  logic.o(.data)
    hcan1                                    0x20000590   Data          40  can.o(.bss)
    hcan2                                    0x200005b8   Data          40  can.o(.bss)
    htim2                                    0x200005e0   Data          72  tim.o(.bss)
    huart1                                   0x20000628   Data          72  usart.o(.bss)
    hdma_usart1_rx                           0x20000670   Data          96  usart.o(.bss)
    hdma_usart1_tx                           0x200006d0   Data          96  usart.o(.bss)
    htim1                                    0x20000730   Data          72  stm32f4xx_hal_timebase_tim.o(.bss)
    usart1_rx_buff                           0x20004480   Data         100  types.o(.bss)
    usart1_tx_buff                           0x200044e4   Data          18  types.o(.bss)
    system_monitor                           0x200044f6   Data          72  types.o(.bss)
    command                                  0x20004540   Data          20  types.o(.bss)
    __libspace_start                         0x20004554   Data          96  libspace.o(.bss)
    __temporary_stack_top$libspace           0x200045b4   Data           0  libspace.o(.bss)



==============================================================================

Memory Map of the image

  Image Entry point : 0x08000189

  Load Region LR_IROM1 (Base: 0x08000000, Size: 0x000053c0, Max: 0x00080000, ABSOLUTE, COMPRESSED[0x000050fc])

    Execution Region ER_IROM1 (Exec base: 0x08000000, Load base: 0x08000000, Size: 0x00005084, Max: 0x00080000, ABSOLUTE)

    Exec Addr    Load Addr    Size         Type   Attr      Idx    E Section Name        Object

    0x08000000   0x08000000   0x00000188   Data   RO            3    RESET               startup_stm32f407xx.o
    0x08000188   0x08000188   0x00000008   Code   RO         5217  * !!!main             c_w.l(__main.o)
    0x08000190   0x08000190   0x00000034   Code   RO         5444    !!!scatter          c_w.l(__scatter.o)
    0x080001c4   0x080001c4   0x0000005a   Code   RO         5442    !!dczerorl2         c_w.l(__dczerorl2.o)
    0x0800021e   0x0800021e   0x00000002   PAD
    0x08000220   0x08000220   0x0000001c   Code   RO         5446    !!handler_zi        c_w.l(__scatter_zi.o)
    0x0800023c   0x0800023c   0x00000002   Code   RO         5313    .ARM.Collect$$libinit$$00000000  c_w.l(libinit.o)
    0x0800023e   0x0800023e   0x00000004   Code   RO         5322    .ARM.Collect$$libinit$$00000001  c_w.l(libinit2.o)
    0x08000242   0x08000242   0x00000000   Code   RO         5325    .ARM.Collect$$libinit$$00000004  c_w.l(libinit2.o)
    0x08000242   0x08000242   0x00000000   Code   RO         5328    .ARM.Collect$$libinit$$0000000A  c_w.l(libinit2.o)
    0x08000242   0x08000242   0x00000000   Code   RO         5330    .ARM.Collect$$libinit$$0000000C  c_w.l(libinit2.o)
    0x08000242   0x08000242   0x00000000   Code   RO         5332    .ARM.Collect$$libinit$$0000000E  c_w.l(libinit2.o)
    0x08000242   0x08000242   0x00000000   Code   RO         5335    .ARM.Collect$$libinit$$00000011  c_w.l(libinit2.o)
    0x08000242   0x08000242   0x00000000   Code   RO         5337    .ARM.Collect$$libinit$$00000013  c_w.l(libinit2.o)
    0x08000242   0x08000242   0x00000000   Code   RO         5339    .ARM.Collect$$libinit$$00000015  c_w.l(libinit2.o)
    0x08000242   0x08000242   0x00000000   Code   RO         5341    .ARM.Collect$$libinit$$00000017  c_w.l(libinit2.o)
    0x08000242   0x08000242   0x00000000   Code   RO         5343    .ARM.Collect$$libinit$$00000019  c_w.l(libinit2.o)
    0x08000242   0x08000242   0x00000000   Code   RO         5345    .ARM.Collect$$libinit$$0000001B  c_w.l(libinit2.o)
    0x08000242   0x08000242   0x00000000   Code   RO         5347    .ARM.Collect$$libinit$$0000001D  c_w.l(libinit2.o)
    0x08000242   0x08000242   0x00000000   Code   RO         5349    .ARM.Collect$$libinit$$0000001F  c_w.l(libinit2.o)
    0x08000242   0x08000242   0x00000000   Code   RO         5351    .ARM.Collect$$libinit$$00000021  c_w.l(libinit2.o)
    0x08000242   0x08000242   0x00000000   Code   RO         5353    .ARM.Collect$$libinit$$00000023  c_w.l(libinit2.o)
    0x08000242   0x08000242   0x00000000   Code   RO         5355    .ARM.Collect$$libinit$$00000025  c_w.l(libinit2.o)
    0x08000242   0x08000242   0x00000000   Code   RO         5359    .ARM.Collect$$libinit$$0000002C  c_w.l(libinit2.o)
    0x08000242   0x08000242   0x00000000   Code   RO         5361    .ARM.Collect$$libinit$$0000002E  c_w.l(libinit2.o)
    0x08000242   0x08000242   0x00000000   Code   RO         5363    .ARM.Collect$$libinit$$00000030  c_w.l(libinit2.o)
    0x08000242   0x08000242   0x00000000   Code   RO         5365    .ARM.Collect$$libinit$$00000032  c_w.l(libinit2.o)
    0x08000242   0x08000242   0x00000002   Code   RO         5366    .ARM.Collect$$libinit$$00000033  c_w.l(libinit2.o)
    0x08000244   0x08000244   0x00000002   Code   RO         5397    .ARM.Collect$$libshutdown$$00000000  c_w.l(libshutdown.o)
    0x08000246   0x08000246   0x00000000   Code   RO         5423    .ARM.Collect$$libshutdown$$00000002  c_w.l(libshutdown2.o)
    0x08000246   0x08000246   0x00000000   Code   RO         5425    .ARM.Collect$$libshutdown$$00000004  c_w.l(libshutdown2.o)
    0x08000246   0x08000246   0x00000000   Code   RO         5427    .ARM.Collect$$libshutdown$$00000006  c_w.l(libshutdown2.o)
    0x08000246   0x08000246   0x00000000   Code   RO         5430    .ARM.Collect$$libshutdown$$00000009  c_w.l(libshutdown2.o)
    0x08000246   0x08000246   0x00000000   Code   RO         5433    .ARM.Collect$$libshutdown$$0000000C  c_w.l(libshutdown2.o)
    0x08000246   0x08000246   0x00000000   Code   RO         5435    .ARM.Collect$$libshutdown$$0000000E  c_w.l(libshutdown2.o)
    0x08000246   0x08000246   0x00000000   Code   RO         5438    .ARM.Collect$$libshutdown$$00000011  c_w.l(libshutdown2.o)
    0x08000246   0x08000246   0x00000002   Code   RO         5439    .ARM.Collect$$libshutdown$$00000012  c_w.l(libshutdown2.o)
    0x08000248   0x08000248   0x00000000   Code   RO         5253    .ARM.Collect$$rtentry$$00000000  c_w.l(__rtentry.o)
    0x08000248   0x08000248   0x00000000   Code   RO         5276    .ARM.Collect$$rtentry$$00000002  c_w.l(__rtentry2.o)
    0x08000248   0x08000248   0x00000006   Code   RO         5288    .ARM.Collect$$rtentry$$00000004  c_w.l(__rtentry4.o)
    0x0800024e   0x0800024e   0x00000000   Code   RO         5278    .ARM.Collect$$rtentry$$00000009  c_w.l(__rtentry2.o)
    0x0800024e   0x0800024e   0x00000004   Code   RO         5279    .ARM.Collect$$rtentry$$0000000A  c_w.l(__rtentry2.o)
    0x08000252   0x08000252   0x00000000   Code   RO         5281    .ARM.Collect$$rtentry$$0000000C  c_w.l(__rtentry2.o)
    0x08000252   0x08000252   0x00000008   Code   RO         5282    .ARM.Collect$$rtentry$$0000000D  c_w.l(__rtentry2.o)
    0x0800025a   0x0800025a   0x00000002   Code   RO         5314    .ARM.Collect$$rtexit$$00000000  c_w.l(rtexit.o)
    0x0800025c   0x0800025c   0x00000000   Code   RO         5370    .ARM.Collect$$rtexit$$00000002  c_w.l(rtexit2.o)
    0x0800025c   0x0800025c   0x00000004   Code   RO         5371    .ARM.Collect$$rtexit$$00000003  c_w.l(rtexit2.o)
    0x08000260   0x08000260   0x00000006   Code   RO         5372    .ARM.Collect$$rtexit$$00000004  c_w.l(rtexit2.o)
    0x08000266   0x08000266   0x00000002   PAD
    0x08000268   0x08000268   0x000000be   Code   RO         4733    .emb_text           port.o
    0x08000326   0x08000326   0x00000002   PAD
    0x08000328   0x08000328   0x00000040   Code   RO            4    .text               startup_stm32f407xx.o
    0x08000368   0x08000368   0x000000ee   Code   RO         5205    .text               c_w.l(lludivv7m.o)
    0x08000456   0x08000456   0x00000064   Code   RO         5209    .text               c_w.l(rt_memcpy_w.o)
    0x080004ba   0x080004ba   0x0000004e   Code   RO         5213    .text               c_w.l(rt_memclr_w.o)
    0x08000508   0x08000508   0x00000006   Code   RO         5215    .text               c_w.l(heapauxi.o)
    0x0800050e   0x0800050e   0x00000016   Code   RO         5258    .text               c_w.l(_rserrno.o)
    0x08000524   0x08000524   0x00000008   Code   RO         5295    .text               c_w.l(rt_errno_addr_intlibspace.o)
    0x0800052c   0x0800052c   0x00000008   Code   RO         5297    .text               c_w.l(libspace.o)
    0x08000534   0x08000534   0x0000004a   Code   RO         5300    .text               c_w.l(sys_stackheap_outer.o)
    0x0800057e   0x0800057e   0x00000012   Code   RO         5302    .text               c_w.l(exit.o)
    0x08000590   0x08000590   0x0000000c   Code   RO         5367    .text               c_w.l(sys_exit.o)
    0x0800059c   0x0800059c   0x00000002   Code   RO         5386    .text               c_w.l(use_no_semi.o)
    0x0800059e   0x0800059e   0x00000000   Code   RO         5388    .text               c_w.l(indicate_semi.o)
    0x0800059e   0x0800059e   0x00000042   Code   RO         4813    i.Abs_Encoder_Process  bsp_can.o
    0x080005e0   0x080005e0   0x00000002   Code   RO         5097    i.Aim_Task          logic.o
    0x080005e2   0x080005e2   0x00000002   PAD
    0x080005e4   0x080005e4   0x00000220   Code   RO         5098    i.Bounce_Inited_Task  logic.o
    0x08000804   0x08000804   0x00000002   Code   RO          505    i.BusFault_Handler  stm32f4xx_it.o
    0x08000806   0x08000806   0x00000002   PAD
    0x08000808   0x08000808   0x00000040   Code   RO         4814    i.CAN1_FILTER_CONFIG  bsp_can.o
    0x08000848   0x08000848   0x0000000c   Code   RO          506    i.CAN1_RX0_IRQHandler  stm32f4xx_it.o
    0x08000854   0x08000854   0x00000044   Code   RO         4815    i.CAN2_FILTER_CONFIG  bsp_can.o
    0x08000898   0x08000898   0x0000000c   Code   RO          507    i.CAN2_RX0_IRQHandler  stm32f4xx_it.o
    0x080008a4   0x080008a4   0x0000004c   Code   RO         4816    i.CANX_SendStdData  bsp_can.o
    0x080008f0   0x080008f0   0x0000003a   Code   RO         4817    i.CAN_SendCurrent   bsp_can.o
    0x0800092a   0x0800092a   0x00000016   Code   RO         4818    i.Cacul_w           bsp_can.o
    0x08000940   0x08000940   0x00000166   Code   RO         4944    i.CalTD             pid.o
    0x08000aa6   0x08000aa6   0x00000002   PAD
    0x08000aa8   0x08000aa8   0x000000e8   Code   RO          242    i.Control_Task      freertos.o
    0x08000b90   0x08000b90   0x0000000c   Code   RO          508    i.DMA2_Stream2_IRQHandler  stm32f4xx_it.o
    0x08000b9c   0x08000b9c   0x0000000c   Code   RO          509    i.DMA2_Stream7_IRQHandler  stm32f4xx_it.o
    0x08000ba8   0x08000ba8   0x0000002c   Code   RO         2393    i.DMA_CalcBaseAndBitshift  stm32f4xx_hal_dma.o
    0x08000bd4   0x08000bd4   0x00000078   Code   RO         2394    i.DMA_CheckFifoParam  stm32f4xx_hal_dma.o
    0x08000c4c   0x08000c4c   0x0000002a   Code   RO         2395    i.DMA_SetConfig     stm32f4xx_hal_dma.o
    0x08000c76   0x08000c76   0x00000002   Code   RO          510    i.DebugMon_Handler  stm32f4xx_it.o
    0x08000c78   0x08000c78   0x00000004   Code   RO           13    i.Error_Handler     main.o
    0x08000c7c   0x08000c7c   0x00000002   Code   RO         5099    i.Force_Task        logic.o
    0x08000c7e   0x08000c7e   0x00000020   Code   RO         4819    i.GetEncoderNumber  bsp_can.o
    0x08000c9e   0x08000c9e   0x00000002   PAD
    0x08000ca0   0x08000ca0   0x00000024   Code   RO         4820    i.GetSpeed          bsp_can.o
    0x08000cc4   0x08000cc4   0x00000024   Code   RO         1656    i.HAL_CAN_ActivateNotification  stm32f4xx_hal_can.o
    0x08000ce8   0x08000ce8   0x000000e2   Code   RO         1657    i.HAL_CAN_AddTxMessage  stm32f4xx_hal_can.o
    0x08000dca   0x08000dca   0x00000002   PAD
    0x08000dcc   0x08000dcc   0x00000110   Code   RO         1658    i.HAL_CAN_ConfigFilter  stm32f4xx_hal_can.o
    0x08000edc   0x08000edc   0x00000002   Code   RO         1661    i.HAL_CAN_ErrorCallback  stm32f4xx_hal_can.o
    0x08000ede   0x08000ede   0x00000112   Code   RO         1664    i.HAL_CAN_GetRxMessage  stm32f4xx_hal_can.o
    0x08000ff0   0x08000ff0   0x000001fc   Code   RO         1668    i.HAL_CAN_IRQHandler  stm32f4xx_hal_can.o
    0x080011ec   0x080011ec   0x00000152   Code   RO         1669    i.HAL_CAN_Init      stm32f4xx_hal_can.o
    0x0800133e   0x0800133e   0x00000002   PAD
    0x08001340   0x08001340   0x00000104   Code   RO          349    i.HAL_CAN_MspInit   can.o
    0x08001444   0x08001444   0x00000002   Code   RO         1676    i.HAL_CAN_RxFifo0FullCallback  stm32f4xx_hal_can.o
    0x08001446   0x08001446   0x00000002   PAD
    0x08001448   0x08001448   0x00000274   Code   RO         4821    i.HAL_CAN_RxFifo0MsgPendingCallback  bsp_can.o
    0x080016bc   0x080016bc   0x00000002   Code   RO         1678    i.HAL_CAN_RxFifo1FullCallback  stm32f4xx_hal_can.o
    0x080016be   0x080016be   0x00000002   Code   RO         1679    i.HAL_CAN_RxFifo1MsgPendingCallback  stm32f4xx_hal_can.o
    0x080016c0   0x080016c0   0x00000002   Code   RO         1680    i.HAL_CAN_SleepCallback  stm32f4xx_hal_can.o
    0x080016c2   0x080016c2   0x00000058   Code   RO         1681    i.HAL_CAN_Start     stm32f4xx_hal_can.o
    0x0800171a   0x0800171a   0x00000002   Code   RO         1683    i.HAL_CAN_TxMailbox0AbortCallback  stm32f4xx_hal_can.o
    0x0800171c   0x0800171c   0x00000002   Code   RO         1684    i.HAL_CAN_TxMailbox0CompleteCallback  stm32f4xx_hal_can.o
    0x0800171e   0x0800171e   0x00000002   Code   RO         1685    i.HAL_CAN_TxMailbox1AbortCallback  stm32f4xx_hal_can.o
    0x08001720   0x08001720   0x00000002   Code   RO         1686    i.HAL_CAN_TxMailbox1CompleteCallback  stm32f4xx_hal_can.o
    0x08001722   0x08001722   0x00000002   Code   RO         1687    i.HAL_CAN_TxMailbox2AbortCallback  stm32f4xx_hal_can.o
    0x08001724   0x08001724   0x00000002   Code   RO         1688    i.HAL_CAN_TxMailbox2CompleteCallback  stm32f4xx_hal_can.o
    0x08001726   0x08001726   0x00000002   Code   RO         1690    i.HAL_CAN_WakeUpFromRxMsgCallback  stm32f4xx_hal_can.o
    0x08001728   0x08001728   0x0000008e   Code   RO         2396    i.HAL_DMA_Abort     stm32f4xx_hal_dma.o
    0x080017b6   0x080017b6   0x00000024   Code   RO         2397    i.HAL_DMA_Abort_IT  stm32f4xx_hal_dma.o
    0x080017da   0x080017da   0x00000002   PAD
    0x080017dc   0x080017dc   0x000001d0   Code   RO         2401    i.HAL_DMA_IRQHandler  stm32f4xx_hal_dma.o
    0x080019ac   0x080019ac   0x000000d4   Code   RO         2402    i.HAL_DMA_Init      stm32f4xx_hal_dma.o
    0x08001a80   0x08001a80   0x0000006e   Code   RO         2406    i.HAL_DMA_Start_IT  stm32f4xx_hal_dma.o
    0x08001aee   0x08001aee   0x00000002   PAD
    0x08001af0   0x08001af0   0x000001d0   Code   RO         2289    i.HAL_GPIO_Init     stm32f4xx_hal_gpio.o
    0x08001cc0   0x08001cc0   0x0000000e   Code   RO         2293    i.HAL_GPIO_WritePin  stm32f4xx_hal_gpio.o
    0x08001cce   0x08001cce   0x00000002   PAD
    0x08001cd0   0x08001cd0   0x0000000c   Code   RO         2839    i.HAL_GetTick       stm32f4xx_hal.o
    0x08001cdc   0x08001cdc   0x00000010   Code   RO         2845    i.HAL_IncTick       stm32f4xx_hal.o
    0x08001cec   0x08001cec   0x00000034   Code   RO         2846    i.HAL_Init          stm32f4xx_hal.o
    0x08001d20   0x08001d20   0x0000008c   Code   RO          632    i.HAL_InitTick      stm32f4xx_hal_timebase_tim.o
    0x08001dac   0x08001dac   0x00000038   Code   RO          608    i.HAL_MspInit       stm32f4xx_hal_msp.o
    0x08001de4   0x08001de4   0x0000001a   Code   RO         2681    i.HAL_NVIC_EnableIRQ  stm32f4xx_hal_cortex.o
    0x08001dfe   0x08001dfe   0x00000002   PAD
    0x08001e00   0x08001e00   0x00000040   Code   RO         2687    i.HAL_NVIC_SetPriority  stm32f4xx_hal_cortex.o
    0x08001e40   0x08001e40   0x00000024   Code   RO         2688    i.HAL_NVIC_SetPriorityGrouping  stm32f4xx_hal_cortex.o
    0x08001e64   0x08001e64   0x0000014c   Code   RO         1890    i.HAL_RCC_ClockConfig  stm32f4xx_hal_rcc.o
    0x08001fb0   0x08001fb0   0x0000003c   Code   RO         1894    i.HAL_RCC_GetClockConfig  stm32f4xx_hal_rcc.o
    0x08001fec   0x08001fec   0x0000000c   Code   RO         1895    i.HAL_RCC_GetHCLKFreq  stm32f4xx_hal_rcc.o
    0x08001ff8   0x08001ff8   0x00000020   Code   RO         1897    i.HAL_RCC_GetPCLK1Freq  stm32f4xx_hal_rcc.o
    0x08002018   0x08002018   0x00000020   Code   RO         1898    i.HAL_RCC_GetPCLK2Freq  stm32f4xx_hal_rcc.o
    0x08002038   0x08002038   0x00000068   Code   RO         1899    i.HAL_RCC_GetSysClockFreq  stm32f4xx_hal_rcc.o
    0x080020a0   0x080020a0   0x000003c0   Code   RO         1902    i.HAL_RCC_OscConfig  stm32f4xx_hal_rcc.o
    0x08002460   0x08002460   0x00000002   Code   RO         1388    i.HAL_TIMEx_BreakCallback  stm32f4xx_hal_tim_ex.o
    0x08002462   0x08002462   0x00000002   Code   RO         1389    i.HAL_TIMEx_CommutCallback  stm32f4xx_hal_tim_ex.o
    0x08002464   0x08002464   0x00000090   Code   RO         1407    i.HAL_TIMEx_MasterConfigSynchronization  stm32f4xx_hal_tim_ex.o
    0x080024f4   0x080024f4   0x0000004a   Code   RO          673    i.HAL_TIM_Base_Init  stm32f4xx_hal_tim.o
    0x0800253e   0x0800253e   0x00000002   PAD
    0x08002540   0x08002540   0x00000038   Code   RO          422    i.HAL_TIM_Base_MspInit  tim.o
    0x08002578   0x08002578   0x0000008c   Code   RO          678    i.HAL_TIM_Base_Start_IT  stm32f4xx_hal_tim.o
    0x08002604   0x08002604   0x000000e8   Code   RO          682    i.HAL_TIM_ConfigClockSource  stm32f4xx_hal_tim.o
    0x080026ec   0x080026ec   0x00000002   Code   RO          707    i.HAL_TIM_IC_CaptureCallback  stm32f4xx_hal_tim.o
    0x080026ee   0x080026ee   0x00000138   Code   RO          721    i.HAL_TIM_IRQHandler  stm32f4xx_hal_tim.o
    0x08002826   0x08002826   0x00000002   Code   RO          724    i.HAL_TIM_OC_DelayElapsedCallback  stm32f4xx_hal_tim.o
    0x08002828   0x08002828   0x00000002   Code   RO          751    i.HAL_TIM_PWM_PulseFinishedCallback  stm32f4xx_hal_tim.o
    0x0800282a   0x0800282a   0x00000002   PAD
    0x0800282c   0x0800282c   0x00000014   Code   RO           14    i.HAL_TIM_PeriodElapsedCallback  main.o
    0x08002840   0x08002840   0x00000002   Code   RO          764    i.HAL_TIM_TriggerCallback  stm32f4xx_hal_tim.o
    0x08002842   0x08002842   0x00000002   Code   RO         3096    i.HAL_UARTEx_RxEventCallback  stm32f4xx_hal_uart.o
    0x08002844   0x08002844   0x00000072   Code   RO         3107    i.HAL_UART_DMAResume  stm32f4xx_hal_uart.o
    0x080028b6   0x080028b6   0x00000070   Code   RO         3108    i.HAL_UART_DMAStop  stm32f4xx_hal_uart.o
    0x08002926   0x08002926   0x00000002   Code   RO         3110    i.HAL_UART_ErrorCallback  stm32f4xx_hal_uart.o
    0x08002928   0x08002928   0x00000248   Code   RO         3113    i.HAL_UART_IRQHandler  stm32f4xx_hal_uart.o
    0x08002b70   0x08002b70   0x00000066   Code   RO         3114    i.HAL_UART_Init     stm32f4xx_hal_uart.o
    0x08002bd6   0x08002bd6   0x00000002   PAD
    0x08002bd8   0x08002bd8   0x000000e8   Code   RO          464    i.HAL_UART_MspInit  usart.o
    0x08002cc0   0x08002cc0   0x0000001c   Code   RO         3118    i.HAL_UART_Receive_DMA  stm32f4xx_hal_uart.o
    0x08002cdc   0x08002cdc   0x00000002   Code   RO         3120    i.HAL_UART_RxCpltCallback  stm32f4xx_hal_uart.o
    0x08002cde   0x08002cde   0x00000002   Code   RO         3121    i.HAL_UART_RxHalfCpltCallback  stm32f4xx_hal_uart.o
    0x08002ce0   0x08002ce0   0x00000032   Code   RO         3124    i.HAL_UART_Transmit_IT  stm32f4xx_hal_uart.o
    0x08002d12   0x08002d12   0x00000002   Code   RO         3125    i.HAL_UART_TxCpltCallback  stm32f4xx_hal_uart.o
    0x08002d14   0x08002d14   0x00000002   Code   RO          511    i.HardFault_Handler  stm32f4xx_it.o
    0x08002d16   0x08002d16   0x00000002   Code   RO         5100    i.Home_Task         logic.o
    0x08002d18   0x08002d18   0x00000002   Code   RO         5101    i.Init_Task         logic.o
    0x08002d1a   0x08002d1a   0x00000002   Code   RO         5102    i.Lay_Task          logic.o
    0x08002d1c   0x08002d1c   0x000000d8   Code   RO         5103    i.Logic             logic.o
    0x08002df4   0x08002df4   0x00000028   Code   RO          243    i.Logic_Task        freertos.o
    0x08002e1c   0x08002e1c   0x00000044   Code   RO          350    i.MX_CAN1_Init      can.o
    0x08002e60   0x08002e60   0x00000044   Code   RO          351    i.MX_CAN2_Init      can.o
    0x08002ea4   0x08002ea4   0x0000003c   Code   RO          397    i.MX_DMA_Init       dma.o
    0x08002ee0   0x08002ee0   0x00000094   Code   RO          244    i.MX_FREERTOS_Init  freertos.o
    0x08002f74   0x08002f74   0x00000080   Code   RO          218    i.MX_GPIO_Init      gpio.o
    0x08002ff4   0x08002ff4   0x00000068   Code   RO          423    i.MX_TIM2_Init      tim.o
    0x0800305c   0x0800305c   0x00000038   Code   RO          465    i.MX_USART1_UART_Init  usart.o
    0x08003094   0x08003094   0x00000002   Code   RO          512    i.MemManage_Handler  stm32f4xx_it.o
    0x08003096   0x08003096   0x00000002   PAD
    0x08003098   0x08003098   0x00000030   Code   RO          245    i.Monitor_Task      freertos.o
    0x080030c8   0x080030c8   0x00000002   Code   RO          513    i.NMI_Handler       stm32f4xx_it.o
    0x080030ca   0x080030ca   0x00000002   PAD
    0x080030cc   0x080030cc   0x00000120   Code   RO         4945    i.PID_Calc          pid.o
    0x080031ec   0x080031ec   0x00000024   Code   RO         4946    i.PID_Calc_DualLoop  pid.o
    0x08003210   0x08003210   0x00000014   Code   RO          246    i.Rx_Task           freertos.o
    0x08003224   0x08003224   0x00000034   Code   RO         4822    i.SendSwitchValue   bsp_can.o
    0x08003258   0x08003258   0x00000022   Code   RO         5029    i.Sgn               types.o
    0x0800327a   0x0800327a   0x00000002   Code   RO         5104    i.Shot_Task         logic.o
    0x0800327c   0x0800327c   0x00000008   Code   RO          247    i.StartDefaultTask  freertos.o
    0x08003284   0x08003284   0x00000002   Code   RO         5105    i.Stretch_Task      logic.o
    0x08003286   0x08003286   0x00000002   PAD
    0x08003288   0x08003288   0x0000002c   Code   RO         4734    i.SysTick_Handler   port.o
    0x080032b4   0x080032b4   0x00000094   Code   RO           15    i.SystemClock_Config  main.o
    0x08003348   0x08003348   0x00000010   Code   RO         3458    i.SystemInit        system_stm32f4xx.o
    0x08003358   0x08003358   0x00000014   Code   RO         4948    i.TD_END            pid.o
    0x0800336c   0x0800336c   0x0000000c   Code   RO          514    i.TIM1_UP_TIM10_IRQHandler  stm32f4xx_it.o
    0x08003378   0x08003378   0x0000000c   Code   RO          515    i.TIM2_IRQHandler   stm32f4xx_it.o
    0x08003384   0x08003384   0x000000d4   Code   RO          766    i.TIM_Base_SetConfig  stm32f4xx_hal_tim.o
    0x08003458   0x08003458   0x00000014   Code   RO          777    i.TIM_ETR_SetConfig  stm32f4xx_hal_tim.o
    0x0800346c   0x0800346c   0x00000010   Code   RO          778    i.TIM_ITRx_SetConfig  stm32f4xx_hal_tim.o
    0x0800347c   0x0800347c   0x00000022   Code   RO          784    i.TIM_TI1_ConfigInputStage  stm32f4xx_hal_tim.o
    0x0800349e   0x0800349e   0x00000024   Code   RO          786    i.TIM_TI2_ConfigInputStage  stm32f4xx_hal_tim.o
    0x080034c2   0x080034c2   0x00000002   PAD
    0x080034c4   0x080034c4   0x00000070   Code   RO          248    i.Tx_Task           freertos.o
    0x08003534   0x08003534   0x0000000e   Code   RO         3127    i.UART_DMAAbortOnError  stm32f4xx_hal_uart.o
    0x08003542   0x08003542   0x0000004a   Code   RO         3128    i.UART_DMAError     stm32f4xx_hal_uart.o
    0x0800358c   0x0800358c   0x00000086   Code   RO         3129    i.UART_DMAReceiveCplt  stm32f4xx_hal_uart.o
    0x08003612   0x08003612   0x0000001e   Code   RO         3131    i.UART_DMARxHalfCplt  stm32f4xx_hal_uart.o
    0x08003630   0x08003630   0x0000004e   Code   RO         3137    i.UART_EndRxTransfer  stm32f4xx_hal_uart.o
    0x0800367e   0x0800367e   0x0000001a   Code   RO         3138    i.UART_EndTransmit_IT  stm32f4xx_hal_uart.o
    0x08003698   0x08003698   0x0000001c   Code   RO         3139    i.UART_EndTxTransfer  stm32f4xx_hal_uart.o
    0x080036b4   0x080036b4   0x000000c8   Code   RO         3140    i.UART_Receive_IT   stm32f4xx_hal_uart.o
    0x0800377c   0x0800377c   0x00000114   Code   RO         3141    i.UART_SetConfig    stm32f4xx_hal_uart.o
    0x08003890   0x08003890   0x000000a4   Code   RO         3142    i.UART_Start_Receive_DMA  stm32f4xx_hal_uart.o
    0x08003934   0x08003934   0x0000005e   Code   RO         3144    i.UART_Transmit_IT  stm32f4xx_hal_uart.o
    0x08003992   0x08003992   0x00000002   PAD
    0x08003994   0x08003994   0x0000004c   Code   RO          516    i.USART1_IRQHandler  stm32f4xx_it.o
    0x080039e0   0x080039e0   0x00000002   Code   RO          517    i.UsageFault_Handler  stm32f4xx_it.o
    0x080039e2   0x080039e2   0x00000020   Code   RO         2694    i.__NVIC_SetPriority  stm32f4xx_hal_cortex.o
    0x08003a02   0x08003a02   0x00000014   Code   RO         5235    i.__hardfp_fabs     m_wm.l(fabs.o)
    0x08003a16   0x08003a16   0x0000007a   Code   RO         5241    i.__hardfp_sqrt     m_wm.l(sqrt.o)
    0x08003a90   0x08003a90   0x00000020   Code   RO         4823    i.can1_start        bsp_can.o
    0x08003ab0   0x08003ab0   0x00000020   Code   RO         4824    i.can2_start        bsp_can.o
    0x08003ad0   0x08003ad0   0x0000002e   Code   RO           16    i.main              main.o
    0x08003afe   0x08003afe   0x0000000c   Code   RO         4299    i.makeFreeRtosPriority  cmsis_os.o
    0x08003b0a   0x08003b0a   0x00000010   Code   RO         4301    i.osDelay           cmsis_os.o
    0x08003b1a   0x08003b1a   0x0000000a   Code   RO         4304    i.osKernelStart     cmsis_os.o
    0x08003b24   0x08003b24   0x00000058   Code   RO         4338    i.osThreadCreate    cmsis_os.o
    0x08003b7c   0x08003b7c   0x00000070   Code   RO         3970    i.prvAddCurrentTaskToDelayedList  tasks.o
    0x08003bec   0x08003bec   0x00000088   Code   RO         3971    i.prvAddNewTaskToReadyList  tasks.o
    0x08003c74   0x08003c74   0x0000003c   Code   RO         3972    i.prvCheckTasksWaitingTermination  tasks.o
    0x08003cb0   0x08003cb0   0x00000040   Code   RO         3973    i.prvDeleteTCB      tasks.o
    0x08003cf0   0x08003cf0   0x0000004c   Code   RO         4666    i.prvHeapInit       heap_4.o
    0x08003d3c   0x08003d3c   0x00000028   Code   RO         3974    i.prvIdleTask       tasks.o
    0x08003d64   0x08003d64   0x00000094   Code   RO         3975    i.prvInitialiseNewTask  tasks.o
    0x08003df8   0x08003df8   0x00000058   Code   RO         3976    i.prvInitialiseTaskLists  tasks.o
    0x08003e50   0x08003e50   0x00000054   Code   RO         4667    i.prvInsertBlockIntoFreeList  heap_4.o
    0x08003ea4   0x08003ea4   0x00000024   Code   RO         3977    i.prvResetNextTaskUnblockTime  tasks.o
    0x08003ec8   0x08003ec8   0x0000002c   Code   RO         4735    i.prvTaskExitError  port.o
    0x08003ef4   0x08003ef4   0x000000dc   Code   RO         4668    i.pvPortMalloc      heap_4.o
    0x08003fd0   0x08003fd0   0x00000024   Code   RO         4736    i.pxPortInitialiseStack  port.o
    0x08003ff4   0x08003ff4   0x00000038   Code   RO         5001    i.robot_init        robot_init.o
    0x0800402c   0x0800402c   0x00000026   Code   RO         3596    i.uxListRemove      list.o
    0x08004052   0x08004052   0x00000002   PAD
    0x08004054   0x08004054   0x00000014   Code   RO          249    i.vApplicationGetIdleTaskMemory  freertos.o
    0x08004068   0x08004068   0x00000016   Code   RO         3597    i.vListInitialise   list.o
    0x0800407e   0x0800407e   0x00000006   Code   RO         3598    i.vListInitialiseItem  list.o
    0x08004084   0x08004084   0x00000030   Code   RO         3599    i.vListInsert       list.o
    0x080040b4   0x080040b4   0x00000018   Code   RO         3600    i.vListInsertEnd    list.o
    0x080040cc   0x080040cc   0x00000040   Code   RO         4738    i.vPortEnterCritical  port.o
    0x0800410c   0x0800410c   0x0000002c   Code   RO         4739    i.vPortExitCritical  port.o
    0x08004138   0x08004138   0x00000064   Code   RO         4669    i.vPortFree         heap_4.o
    0x0800419c   0x0800419c   0x00000024   Code   RO         4740    i.vPortSetupTimerInterrupt  port.o
    0x080041c0   0x080041c0   0x00000050   Code   RO         3986    i.vTaskDelay        tasks.o
    0x08004210   0x08004210   0x00000088   Code   RO         3999    i.vTaskStartScheduler  tasks.o
    0x08004298   0x08004298   0x00000010   Code   RO         4001    i.vTaskSuspendAll   tasks.o
    0x080042a8   0x080042a8   0x00000060   Code   RO         4002    i.vTaskSwitchContext  tasks.o
    0x08004308   0x08004308   0x000000f4   Code   RO         4742    i.xPortStartScheduler  port.o
    0x080043fc   0x080043fc   0x00000064   Code   RO         4005    i.xTaskCreate       tasks.o
    0x08004460   0x08004460   0x0000005c   Code   RO         4006    i.xTaskCreateStatic  tasks.o
    0x080044bc   0x080044bc   0x000000d0   Code   RO         4013    i.xTaskIncrementTick  tasks.o
    0x0800458c   0x0800458c   0x000000cc   Code   RO         4019    i.xTaskResumeAll    tasks.o
    0x08004658   0x08004658   0x00000062   Code   RO         5219    x$fpl$d2f           fz_wm.l(d2f.o)
    0x080046ba   0x080046ba   0x00000002   PAD
    0x080046bc   0x080046bc   0x00000150   Code   RO         5221    x$fpl$dadd          fz_wm.l(daddsub_clz.o)
    0x0800480c   0x0800480c   0x00000018   Code   RO         5262    x$fpl$dcmpinf       fz_wm.l(dcmpi.o)
    0x08004824   0x08004824   0x00000078   Code   RO         5227    x$fpl$dleqf         fz_wm.l(dleqf.o)
    0x0800489c   0x0800489c   0x00000154   Code   RO         5229    x$fpl$dmul          fz_wm.l(dmul.o)
    0x080049f0   0x080049f0   0x0000009c   Code   RO         5264    x$fpl$dnaninf       fz_wm.l(dnaninf.o)
    0x08004a8c   0x08004a8c   0x0000000c   Code   RO         5266    x$fpl$dretinf       fz_wm.l(dretinf.o)
    0x08004a98   0x08004a98   0x0000006c   Code   RO         5231    x$fpl$drleqf        fz_wm.l(drleqf.o)
    0x08004b04   0x08004b04   0x00000198   Code   RO         5268    x$fpl$dsqrt         fz_wm.l(dsqrt_umaal.o)
    0x08004c9c   0x08004c9c   0x000001d4   Code   RO         5223    x$fpl$dsub          fz_wm.l(daddsub_clz.o)
    0x08004e70   0x08004e70   0x00000056   Code   RO         5233    x$fpl$f2d           fz_wm.l(f2d.o)
    0x08004ec6   0x08004ec6   0x0000008c   Code   RO         5270    x$fpl$fnaninf       fz_wm.l(fnaninf.o)
    0x08004f52   0x08004f52   0x0000000a   Code   RO         5382    x$fpl$fpinit        fz_wm.l(fpinit.o)
    0x08004f5c   0x08004f5c   0x0000000a   Code   RO         5272    x$fpl$fretinf       fz_wm.l(fretinf.o)
    0x08004f66   0x08004f66   0x00000000   Code   RO         5274    x$fpl$usenofp       fz_wm.l(usenofp.o)
    0x08004f66   0x08004f66   0x00000002   PAD
    0x08004f68   0x08004f68   0x000000a8   Data   RO          251    .constdata          freertos.o
    0x08005010   0x08005010   0x00000008   Data   RO         2408    .constdata          stm32f4xx_hal_dma.o
    0x08005018   0x08005018   0x00000010   Data   RO         3459    .constdata          system_stm32f4xx.o
    0x08005028   0x08005028   0x00000008   Data   RO         3460    .constdata          system_stm32f4xx.o
    0x08005030   0x08005030   0x00000034   Data   RO          252    .conststring        freertos.o
    0x08005064   0x08005064   0x00000020   Data   RO         5440    Region$$Table       anon$$obj.o


    Execution Region RW_IRAM1 (Exec base: 0x20000000, Load base: 0x08005084, Size: 0x00004bb8, Max: 0x0001c000, ABSOLUTE, COMPRESSED[0x00000078])

    Exec Addr    Load Addr    Size         Type   Attr      Idx    E Section Name        Object

    0x20000000   COMPRESSED   0x00000018   Data   RW          253    .data               freertos.o
    0x20000018   COMPRESSED   0x00000004   Data   RW          353    .data               can.o
    0x2000001c   COMPRESSED   0x00000004   Data   RW          518    .data               stm32f4xx_it.o
    0x20000020   COMPRESSED   0x0000000c   Data   RW         2853    .data               stm32f4xx_hal.o
    0x2000002c   COMPRESSED   0x00000004   Data   RW         3461    .data               system_stm32f4xx.o
    0x20000030   COMPRESSED   0x0000003c   Data   RW         4022    .data               tasks.o
    0x2000006c   COMPRESSED   0x00000020   Data   RW         4675    .data               heap_4.o
    0x2000008c   COMPRESSED   0x0000000c   Data   RW         4743    .data               port.o
    0x20000098   COMPRESSED   0x00000010   Data   RW         4827    .data               bsp_can.o
    0x200000a8   COMPRESSED   0x00000002   Data   RW         5034    .data               types.o
    0x200000aa   COMPRESSED   0x00000002   PAD
    0x200000ac   COMPRESSED   0x00000004   Data   RW         5035    .data               types.o
    0x200000b0   COMPRESSED   0x00000004   Data   RW         5037    .data               types.o
    0x200000b4   COMPRESSED   0x00000004   Data   RW         5038    .data               types.o
    0x200000b8   COMPRESSED   0x00000004   Data   RW         5039    .data               types.o
    0x200000bc   COMPRESSED   0x00000001   Data   RW         5040    .data               types.o
    0x200000bd   COMPRESSED   0x00000001   PAD
    0x200000be   COMPRESSED   0x00000002   Data   RW         5041    .data               types.o
    0x200000c0   COMPRESSED   0x00000004   Data   RW         5044    .data               types.o
    0x200000c4   COMPRESSED   0x00000004   Data   RW         5045    .data               types.o
    0x200000c8   COMPRESSED   0x00000004   Data   RW         5046    .data               types.o
    0x200000cc   COMPRESSED   0x00000040   Data   RW         5049    .data               types.o
    0x2000010c   COMPRESSED   0x00000040   Data   RW         5050    .data               types.o
    0x2000014c   COMPRESSED   0x00000040   Data   RW         5051    .data               types.o
    0x2000018c   COMPRESSED   0x00000020   Data   RW         5052    .data               types.o
    0x200001ac   COMPRESSED   0x00000020   Data   RW         5053    .data               types.o
    0x200001cc   COMPRESSED   0x0000001c   Data   RW         5056    .data               types.o
    0x200001e8   COMPRESSED   0x0000008c   Data   RW         5058    .data               types.o
    0x20000274   COMPRESSED   0x00000044   Data   RW         5059    .data               types.o
    0x200002b8   COMPRESSED   0x00000044   Data   RW         5060    .data               types.o
    0x200002fc   COMPRESSED   0x00000040   Data   RW         5108    .data               logic.o
    0x2000033c        -       0x00000254   Zero   RW          250    .bss                freertos.o
    0x20000590        -       0x00000050   Zero   RW          352    .bss                can.o
    0x200005e0        -       0x00000048   Zero   RW          424    .bss                tim.o
    0x20000628        -       0x00000108   Zero   RW          466    .bss                usart.o
    0x20000730        -       0x00000048   Zero   RW          635    .bss                stm32f4xx_hal_timebase_tim.o
    0x20000778        -       0x000000f0   Zero   RW         4021    .bss                tasks.o
    0x20000868        -       0x00003c00   Zero   RW         4674    .bss                heap_4.o
    0x20004468        -       0x00000018   Zero   RW         4825    .bss                bsp_can.o
    0x20004480        -       0x00000064   Zero   RW         5030    .bss                types.o
    0x200044e4        -       0x00000012   Zero   RW         5031    .bss                types.o
    0x200044f6        -       0x00000048   Zero   RW         5032    .bss                types.o
    0x2000453e   COMPRESSED   0x00000002   PAD
    0x20004540        -       0x00000014   Zero   RW         5033    .bss                types.o
    0x20004554        -       0x00000060   Zero   RW         5298    .bss                c_w.l(libspace.o)
    0x200045b4   COMPRESSED   0x00000004   PAD
    0x200045b8        -       0x00000200   Zero   RW            2    HEAP                startup_stm32f407xx.o
    0x200047b8        -       0x00000400   Zero   RW            1    STACK               startup_stm32f407xx.o


    Execution Region RW_IRAM2 (Exec base: 0x2001c000, Load base: 0x080050fc, Size: 0x00000000, Max: 0x00004000, ABSOLUTE)

    **** No section assigned to this execution region ****


==============================================================================

Image component sizes


      Code (inc. data)   RO Data    RW Data    ZI Data      Debug   Object Name

      1166        106          0         16         24       8228   bsp_can.o
       396         38          0          4         80       2586   can.o
       126          0          0          0          0      23171   cmsis_os.o
        60          4          0          0          0        798   dma.o
         0          0          0          0          0      16968   event_groups.o
       628         98        220         24        596      10029   freertos.o
       128         10          0          0          0        971   gpio.o
       480         26          0         32      15360       7631   heap_4.o
       138          0          0          0          0       3642   list.o
       774         82          0         64          0       7094   logic.o
       218         16          0          0          0     736424   main.o
       702          4          0          0          0       2964   pid.o
       702         74          0         12          0      11168   port.o
        56         14          0          0          0        509   robot_init.o
        64         26        392          0       1536        852   startup_stm32f407xx.o
        80         14          0         12          0       8134   stm32f4xx_hal.o
      1766          6          0          0          0      14863   stm32f4xx_hal_can.o
       158         14          0          0          0      33178   stm32f4xx_hal_cortex.o
      1170         14          8          0          0       7598   stm32f4xx_hal_dma.o
       478         44          0          0          0       2332   stm32f4xx_hal_gpio.o
        56          4          0          0          0        878   stm32f4xx_hal_msp.o
      1532         84          0          0          0       7085   stm32f4xx_hal_rcc.o
      1084         74          0          0          0      10187   stm32f4xx_hal_tim.o
       148         30          0          0          0       2597   stm32f4xx_hal_tim_ex.o
       140         20          0          0         72       1491   stm32f4xx_hal_timebase_tim.o
      2118         30          0          0          0      17429   stm32f4xx_hal_uart.o
       160         50          0          4          0       7161   stm32f4xx_it.o
         0          0          0          0          0        416   stream_buffer.o
        16          4         24          4          0       1159   system_stm32f4xx.o
      1616        120          0         60        240      20949   tasks.o
       160         12          0          0         72       1726   tim.o
        34          0          0        593        210       5297   types.o
       288         28          0          0        264       1932   usart.o

    ----------------------------------------------------------------------
     16684       1046        676        828      18456     977447   Object Totals
         0          0         32          0          0          0   (incl. Generated)
        42          0          0          3          2          0   (incl. Padding)

    ----------------------------------------------------------------------

      Code (inc. data)   RO Data    RW Data    ZI Data      Debug   Library Member Name

        90          0          0          0          0          0   __dczerorl2.o
         8          0          0          0          0         68   __main.o
         0          0          0          0          0          0   __rtentry.o
        12          0          0          0          0          0   __rtentry2.o
         6          0          0          0          0          0   __rtentry4.o
        52          8          0          0          0          0   __scatter.o
        28          0          0          0          0          0   __scatter_zi.o
        22          0          0          0          0        100   _rserrno.o
        18          0          0          0          0         80   exit.o
         6          0          0          0          0        152   heapauxi.o
         0          0          0          0          0          0   indicate_semi.o
         2          0          0          0          0          0   libinit.o
         6          0          0          0          0          0   libinit2.o
         2          0          0          0          0          0   libshutdown.o
         2          0          0          0          0          0   libshutdown2.o
         8          4          0          0         96         68   libspace.o
       238          0          0          0          0        100   lludivv7m.o
         8          4          0          0          0         68   rt_errno_addr_intlibspace.o
        78          0          0          0          0         80   rt_memclr_w.o
       100          0          0          0          0         80   rt_memcpy_w.o
         2          0          0          0          0          0   rtexit.o
        10          0          0          0          0          0   rtexit2.o
        12          4          0          0          0         68   sys_exit.o
        74          0          0          0          0         80   sys_stackheap_outer.o
         2          0          0          0          0         68   use_no_semi.o
        98          4          0          0          0        140   d2f.o
       804         16          0          0          0        368   daddsub_clz.o
        24          0          0          0          0        116   dcmpi.o
       120          4          0          0          0        140   dleqf.o
       340         12          0          0          0        152   dmul.o
       156          4          0          0          0        140   dnaninf.o
        12          0          0          0          0        116   dretinf.o
       108          0          0          0          0        128   drleqf.o
       408         56          0          0          0        168   dsqrt_umaal.o
        86          4          0          0          0        132   f2d.o
       140          4          0          0          0        132   fnaninf.o
        10          0          0          0          0        116   fpinit.o
        10          0          0          0          0        116   fretinf.o
         0          0          0          0          0          0   usenofp.o
        20          0          0          0          0        124   fabs.o
       122          0          0          0          0        148   sqrt.o

    ----------------------------------------------------------------------
      3252        124          0          0        100       3248   Library Totals
         8          0          0          0          4          0   (incl. Padding)

    ----------------------------------------------------------------------

      Code (inc. data)   RO Data    RW Data    ZI Data      Debug   Library Name

       786         20          0          0         96       1012   c_w.l
      2316        104          0          0          0       1964   fz_wm.l
       142          0          0          0          0        272   m_wm.l

    ----------------------------------------------------------------------
      3252        124          0          0        100       3248   Library Totals

    ----------------------------------------------------------------------

==============================================================================


      Code (inc. data)   RO Data    RW Data    ZI Data      Debug   

     19936       1170        676        828      18556     961379   Grand Totals
     19936       1170        676        120      18556     961379   ELF Image Totals (compressed)
     19936       1170        676        120          0          0   ROM Totals

==============================================================================

    Total RO  Size (Code + RO Data)                20612 (  20.13kB)
    Total RW  Size (RW Data + ZI Data)             19384 (  18.93kB)
    Total ROM Size (Code + RO Data + RW Data)      20732 (  20.25kB)

==============================================================================

